[THREAD] Main poll: ident=140440649377216 native=1415688
[TIMING] BPF init CPU: 0.548s  wall: 0.553s
[TIMING] Setup CPU: 0.001s  wall: 0.001s
Starting poll... (Ctrl+C to stop)
CPU [0] UID 1002 comm: gen_fast, count: 0
CPU [0] UID 1002 comm: gen_fast, count: 1
CPU [0] UID 1002 comm: gen_fast, count: 2
CPU [0] UID 1002 comm: gen_fast, count: 3
CPU [0] UID 1002 comm: gen_fast, count: 4
CPU [0] UID 1002 comm: gen_fast, count: 5
CPU [0] UID 1002 comm: gen_fast, count: 6
CPU [0] UID 1002 comm: gen_fast, count: 7
CPU [0] UID 1002 comm: gen_fast, count: 8
CPU [0] UID 1002 comm: gen_fast, count: 9
CPU [0] UID 1002 comm: gen_fast, count: 10
CPU [0] UID 1002 comm: gen_fast, count: 11
CPU [0] UID 1002 comm: gen_fast, count: 12
CPU [0] UID 1002 comm: gen_fast, count: 13
CPU [0] UID 1002 comm: gen_fast, count: 14
CPU [0] UID 1002 comm: gen_fast, count: 15
CPU [0] UID 1002 comm: gen_fast, count: 16
CPU [0] UID 1002 comm: gen_fast, count: 17
CPU [0] UID 1002 comm: gen_fast, count: 18
CPU [0] UID 1002 comm: gen_fast, count: 19
CPU [0] UID 1002 comm: gen_fast, count: 20
CPU [0] UID 1002 comm: gen_fast, count: 21
CPU [0] UID 1002 comm: gen_fast, count: 22
CPU [0] UID 1002 comm: gen_fast, count: 23
CPU [0] UID 1002 comm: gen_fast, count: 24
CPU [0] UID 1002 comm: gen_fast, count: 25
CPU [0] UID 1002 comm: gen_fast, count: 26
CPU [0] UID 1002 comm: gen_fast, count: 27
CPU [0] UID 1002 comm: gen_fast, count: 28
CPU [0] UID 1002 comm: gen_fast, count: 29
CPU [0] UID 1002 comm: gen_fast, count: 30
CPU [0] UID 1002 comm: gen_fast, count: 31
CPU [0] UID 1002 comm: gen_fast, count: 32
CPU [0] UID 1002 comm: gen_fast, count: 33
CPU [0] UID 1002 comm: gen_fast, count: 34
CPU [0] UID 1002 comm: gen_fast, count: 35
CPU [0] UID 1002 comm: gen_fast, count: 36
CPU [0] UID 1002 comm: gen_fast, count: 37
CPU [0] UID 1002 comm: gen_fast, count: 38
CPU [0] UID 1002 comm: gen_fast, count: 39
CPU [0] UID 1002 comm: gen_fast, count: 40
CPU [0] UID 1002 comm: gen_fast, count: 41
CPU [0] UID 1002 comm: gen_fast, count: 42
CPU [0] UID 1002 comm: gen_fast, count: 43
CPU [0] UID 1002 comm: gen_fast, count: 44
CPU [0] UID 1002 comm: gen_fast, count: 45
CPU [0] UID 1002 comm: gen_fast, count: 46
CPU [0] UID 1002 comm: gen_fast, count: 47
CPU [0] UID 1002 comm: gen_fast, count: 48
CPU [0] UID 1002 comm: gen_fast, count: 49
CPU [0] UID 1002 comm: gen_fast, count: 50
CPU [0] UID 1002 comm: gen_fast, count: 51
CPU [0] UID 1002 comm: gen_fast, count: 52
CPU [0] UID 1002 comm: gen_fast, count: 53
CPU [0] UID 1002 comm: gen_fast, count: 54
CPU [0] UID 1002 comm: gen_fast, count: 55
CPU [0] UID 1002 comm: gen_fast, count: 56
CPU [0] UID 1002 comm: gen_fast, count: 57
CPU [0] UID 1002 comm: gen_fast, count: 58
CPU [0] UID 1002 comm: gen_fast, count: 59
CPU [0] UID 1002 comm: gen_fast, count: 60
CPU [0] UID 1002 comm: gen_fast, count: 61
CPU [0] UID 1002 comm: gen_fast, count: 62
CPU [0] UID 1002 comm: gen_fast, count: 63
CPU [0] UID 1002 comm: gen_fast, count: 64
CPU [0] UID 1002 comm: gen_fast, count: 65
CPU [0] UID 1002 comm: gen_fast, count: 66
CPU [0] UID 1002 comm: gen_fast, count: 67
CPU [0] UID 1002 comm: gen_fast, count: 68
CPU [0] UID 1002 comm: gen_fast, count: 69
CPU [0] UID 1002 comm: gen_fast, count: 70
CPU [0] UID 1002 comm: gen_fast, count: 71
CPU [0] UID 1002 comm: gen_fast, count: 72
CPU [0] UID 1002 comm: gen_fast, count: 73
CPU [0] UID 1002 comm: gen_fast, count: 74
CPU [0] UID 1002 comm: gen_fast, count: 75
CPU [0] UID 1002 comm: gen_fast, count: 76
CPU [0] UID 1002 comm: gen_fast, count: 77
CPU [0] UID 1002 comm: gen_fast, count: 78
CPU [0] UID 1002 comm: gen_fast, count: 79
CPU [0] UID 1002 comm: gen_fast, count: 80
CPU [0] UID 1002 comm: gen_fast, count: 81
CPU [0] UID 1002 comm: gen_fast, count: 82
CPU [0] UID 1002 comm: gen_fast, count: 83
CPU [0] UID 1002 comm: gen_fast, count: 84
CPU [0] UID 1002 comm: gen_fast, count: 85
CPU [0] UID 1002 comm: gen_fast, count: 86
CPU [0] UID 1002 comm: gen_fast, count: 87
CPU [0] UID 1002 comm: gen_fast, count: 88
CPU [0] UID 1002 comm: gen_fast, count: 89
CPU [0] UID 1002 comm: gen_fast, count: 90
CPU [0] UID 1002 comm: gen_fast, count: 91
CPU [0] UID 1002 comm: gen_fast, count: 92
CPU [0] UID 1002 comm: gen_fast, count: 93
CPU [0] UID 1002 comm: gen_fast, count: 94
CPU [0] UID 1002 comm: gen_fast, count: 95
CPU [0] UID 1002 comm: gen_fast, count: 96
CPU [0] UID 1002 comm: gen_fast, count: 97
CPU [0] UID 1002 comm: gen_fast, count: 98
CPU [0] UID 1002 comm: gen_fast, count: 99
CPU [0] UID 1002 comm: gen_fast, count: 100
CPU [0] UID 1002 comm: gen_fast, count: 101
CPU [0] UID 1002 comm: gen_fast, count: 102
CPU [0] UID 1002 comm: gen_fast, count: 103
CPU [0] UID 1002 comm: gen_fast, count: 104
CPU [0] UID 1002 comm: gen_fast, count: 105
CPU [0] UID 1002 comm: gen_fast, count: 106
CPU [0] UID 1002 comm: gen_fast, count: 107
CPU [0] UID 1002 comm: gen_fast, count: 108
CPU [0] UID 1002 comm: gen_fast, count: 109
CPU [0] UID 1002 comm: gen_fast, count: 110
CPU [0] UID 1002 comm: gen_fast, count: 111
CPU [0] UID 1002 comm: gen_fast, count: 112
CPU [0] UID 1002 comm: gen_fast, count: 113
CPU [0] UID 1002 comm: gen_fast, count: 114
CPU [0] UID 1002 comm: gen_fast, count: 115
CPU [0] UID 1002 comm: gen_fast, count: 116
CPU [0] UID 1002 comm: gen_fast, count: 117
CPU [0] UID 1002 comm: gen_fast, count: 118
CPU [0] UID 1002 comm: gen_fast, count: 119
CPU [0] UID 1002 comm: gen_fast, count: 120
CPU [0] UID 1002 comm: gen_fast, count: 121
CPU [0] UID 1002 comm: gen_fast, count: 122
CPU [0] UID 1002 comm: gen_fast, count: 123
CPU [0] UID 1002 comm: gen_fast, count: 124
CPU [0] UID 1002 comm: gen_fast, count: 125
CPU [0] UID 1002 comm: gen_fast, count: 126
CPU [0] UID 1002 comm: gen_fast, count: 127
CPU [0] UID 1002 comm: gen_fast, count: 128
CPU [0] UID 1002 comm: gen_fast, count: 129
CPU [0] UID 1002 comm: gen_fast, count: 130
CPU [0] UID 1002 comm: gen_fast, count: 131
CPU [0] UID 1002 comm: gen_fast, count: 132
CPU [0] UID 1002 comm: gen_fast, count: 133
CPU [0] UID 1002 comm: gen_fast, count: 134
CPU [0] UID 1002 comm: gen_fast, count: 135
CPU [0] UID 1002 comm: gen_fast, count: 136
CPU [0] UID 1002 comm: gen_fast, count: 137
CPU [0] UID 1002 comm: gen_fast, count: 138
CPU [0] UID 1002 comm: gen_fast, count: 139
CPU [0] UID 1002 comm: gen_fast, count: 140
CPU [0] UID 1002 comm: gen_fast, count: 141
CPU [0] UID 1002 comm: gen_fast, count: 142
CPU [0] UID 1002 comm: gen_fast, count: 143
CPU [0] UID 1002 comm: gen_fast, count: 144
CPU [0] UID 1002 comm: gen_fast, count: 145
CPU [0] UID 1002 comm: gen_fast, count: 146
CPU [0] UID 1002 comm: gen_fast, count: 147
CPU [0] UID 1002 comm: gen_fast, count: 148
CPU [0] UID 1002 comm: gen_fast, count: 149
CPU [0] UID 1002 comm: gen_fast, count: 150
CPU [0] UID 1002 comm: gen_fast, count: 151
CPU [0] UID 1002 comm: gen_fast, count: 152
CPU [0] UID 1002 comm: gen_fast, count: 153
CPU [0] UID 1002 comm: gen_fast, count: 154
CPU [0] UID 1002 comm: gen_fast, count: 155
CPU [0] UID 1002 comm: gen_fast, count: 156
CPU [0] UID 1002 comm: gen_fast, count: 157
CPU [0] UID 1002 comm: gen_fast, count: 158
CPU [0] UID 1002 comm: gen_fast, count: 159
CPU [0] UID 1002 comm: gen_fast, count: 160
CPU [0] UID 1002 comm: gen_fast, count: 161
CPU [0] UID 1002 comm: gen_fast, count: 162
CPU [0] UID 1002 comm: gen_fast, count: 163
CPU [0] UID 1002 comm: gen_fast, count: 164
CPU [0] UID 1002 comm: gen_fast, count: 165
CPU [0] UID 1002 comm: gen_fast, count: 166
CPU [0] UID 1002 comm: gen_fast, count: 167
CPU [0] UID 1002 comm: gen_fast, count: 168
CPU [0] UID 1002 comm: gen_fast, count: 169
CPU [0] UID 1002 comm: gen_fast, count: 170
CPU [0] UID 1002 comm: gen_fast, count: 171
CPU [0] UID 1002 comm: gen_fast, count: 172
CPU [0] UID 1002 comm: gen_fast, count: 173
CPU [0] UID 1002 comm: gen_fast, count: 174
CPU [0] UID 1002 comm: gen_fast, count: 175
CPU [0] UID 1002 comm: gen_fast, count: 176
CPU [0] UID 1002 comm: gen_fast, count: 177
CPU [0] UID 1002 comm: gen_fast, count: 178
CPU [0] UID 1002 comm: gen_fast, count: 179
CPU [0] UID 1002 comm: gen_fast, count: 180
CPU [0] UID 1002 comm: gen_fast, count: 181
CPU [0] UID 1002 comm: gen_fast, count: 182
CPU [0] UID 1002 comm: gen_fast, count: 183
CPU [0] UID 1002 comm: gen_fast, count: 184
CPU [0] UID 1002 comm: gen_fast, count: 185
CPU [0] UID 1002 comm: gen_fast, count: 186
CPU [0] UID 1002 comm: gen_fast, count: 187
CPU [0] UID 1002 comm: gen_fast, count: 188
CPU [0] UID 1002 comm: gen_fast, count: 189
CPU [0] UID 1002 comm: gen_fast, count: 190
CPU [0] UID 1002 comm: gen_fast, count: 191
CPU [0] UID 1002 comm: gen_fast, count: 192
CPU [0] UID 1002 comm: gen_fast, count: 193
CPU [0] UID 1002 comm: gen_fast, count: 194
CPU [0] UID 1002 comm: gen_fast, count: 195
CPU [0] UID 1002 comm: gen_fast, count: 196
CPU [0] UID 1002 comm: gen_fast, count: 197
CPU [0] UID 1002 comm: gen_fast, count: 198
CPU [0] UID 1002 comm: gen_fast, count: 199
CPU [0] UID 1002 comm: gen_fast, count: 200
CPU [0] UID 1002 comm: gen_fast, count: 201
CPU [0] UID 1002 comm: gen_fast, count: 202
CPU [0] UID 1002 comm: gen_fast, count: 203
CPU [0] UID 1002 comm: gen_fast, count: 204
CPU [0] UID 1002 comm: gen_fast, count: 205
CPU [0] UID 1002 comm: gen_fast, count: 206
CPU [0] UID 1002 comm: gen_fast, count: 207
CPU [0] UID 1002 comm: gen_fast, count: 208
CPU [0] UID 1002 comm: gen_fast, count: 209
CPU [0] UID 1002 comm: gen_fast, count: 210
CPU [0] UID 1002 comm: gen_fast, count: 211
CPU [0] UID 1002 comm: gen_fast, count: 212
CPU [0] UID 1002 comm: gen_fast, count: 213
CPU [0] UID 1002 comm: gen_fast, count: 214
CPU [0] UID 1002 comm: gen_fast, count: 215
CPU [0] UID 1002 comm: gen_fast, count: 216
CPU [0] UID 1002 comm: gen_fast, count: 217
CPU [0] UID 1002 comm: gen_fast, count: 218
CPU [0] UID 1002 comm: gen_fast, count: 219
CPU [0] UID 1002 comm: gen_fast, count: 220
CPU [0] UID 1002 comm: gen_fast, count: 221
CPU [0] UID 1002 comm: gen_fast, count: 222
CPU [0] UID 1002 comm: gen_fast, count: 223
CPU [0] UID 1002 comm: gen_fast, count: 224
CPU [0] UID 1002 comm: gen_fast, count: 225
CPU [0] UID 1002 comm: gen_fast, count: 226
CPU [0] UID 1002 comm: gen_fast, count: 227
CPU [0] UID 1002 comm: gen_fast, count: 228
CPU [0] UID 1002 comm: gen_fast, count: 229
CPU [0] UID 1002 comm: gen_fast, count: 230
CPU [0] UID 1002 comm: gen_fast, count: 231
CPU [0] UID 1002 comm: gen_fast, count: 232
CPU [0] UID 1002 comm: gen_fast, count: 233
CPU [0] UID 1002 comm: gen_fast, count: 234
CPU [0] UID 1002 comm: gen_fast, count: 235
CPU [0] UID 1002 comm: gen_fast, count: 236
CPU [0] UID 1002 comm: gen_fast, count: 237
CPU [0] UID 1002 comm: gen_fast, count: 238
CPU [0] UID 1002 comm: gen_fast, count: 239
CPU [0] UID 1002 comm: gen_fast, count: 240
CPU [0] UID 1002 comm: gen_fast, count: 241
CPU [0] UID 1002 comm: gen_fast, count: 242
CPU [0] UID 1002 comm: gen_fast, count: 243
CPU [0] UID 1002 comm: gen_fast, count: 244
CPU [0] UID 1002 comm: gen_fast, count: 245
CPU [0] UID 1002 comm: gen_fast, count: 246
CPU [0] UID 1002 comm: gen_fast, count: 247
CPU [0] UID 1002 comm: gen_fast, count: 248
CPU [0] UID 1002 comm: gen_fast, count: 249
CPU [0] UID 1002 comm: gen_fast, count: 250
CPU [0] UID 1002 comm: gen_fast, count: 251
CPU [0] UID 1002 comm: gen_fast, count: 252
CPU [0] UID 1002 comm: gen_fast, count: 253
CPU [0] UID 1002 comm: gen_fast, count: 254
CPU [0] UID 1002 comm: gen_fast, count: 255
CPU [0] UID 1002 comm: gen_fast, count: 256
CPU [0] UID 1002 comm: gen_fast, count: 257
CPU [0] UID 1002 comm: gen_fast, count: 258
CPU [0] UID 1002 comm: gen_fast, count: 259
CPU [0] UID 1002 comm: gen_fast, count: 260
CPU [0] UID 1002 comm: gen_fast, count: 261
CPU [0] UID 1002 comm: gen_fast, count: 262
CPU [0] UID 1002 comm: gen_fast, count: 263
CPU [0] UID 1002 comm: gen_fast, count: 264
CPU [0] UID 1002 comm: gen_fast, count: 265
CPU [0] UID 1002 comm: gen_fast, count: 266
CPU [0] UID 1002 comm: gen_fast, count: 267
CPU [0] UID 1002 comm: gen_fast, count: 268
CPU [0] UID 1002 comm: gen_fast, count: 269
CPU [0] UID 1002 comm: gen_fast, count: 270
CPU [0] UID 1002 comm: gen_fast, count: 271
CPU [0] UID 1002 comm: gen_fast, count: 272
CPU [0] UID 1002 comm: gen_fast, count: 273
CPU [0] UID 1002 comm: gen_fast, count: 274
CPU [0] UID 1002 comm: gen_fast, count: 275
CPU [0] UID 1002 comm: gen_fast, count: 276
CPU [0] UID 1002 comm: gen_fast, count: 277
CPU [0] UID 1002 comm: gen_fast, count: 278
CPU [0] UID 1002 comm: gen_fast, count: 279
CPU [0] UID 1002 comm: gen_fast, count: 280
CPU [0] UID 1002 comm: gen_fast, count: 281
CPU [0] UID 1002 comm: gen_fast, count: 282
CPU [0] UID 1002 comm: gen_fast, count: 283
CPU [0] UID 1002 comm: gen_fast, count: 284
CPU [0] UID 1002 comm: gen_fast, count: 285
CPU [0] UID 1002 comm: gen_fast, count: 286
CPU [0] UID 1002 comm: gen_fast, count: 287
CPU [0] UID 1002 comm: gen_fast, count: 288
CPU [0] UID 1002 comm: gen_fast, count: 289
CPU [0] UID 1002 comm: gen_fast, count: 290
CPU [0] UID 1002 comm: gen_fast, count: 291
CPU [0] UID 1002 comm: gen_fast, count: 292
CPU [0] UID 1002 comm: gen_fast, count: 293
CPU [0] UID 1002 comm: gen_fast, count: 294
CPU [0] UID 1002 comm: gen_fast, count: 295
CPU [0] UID 1002 comm: gen_fast, count: 296
CPU [0] UID 1002 comm: gen_fast, count: 297
CPU [0] UID 1002 comm: gen_fast, count: 298
CPU [0] UID 1002 comm: gen_fast, count: 299
CPU [0] UID 1002 comm: gen_fast, count: 300
CPU [0] UID 1002 comm: gen_fast, count: 301
CPU [0] UID 1002 comm: gen_fast, count: 302
CPU [0] UID 1002 comm: gen_fast, count: 303
CPU [0] UID 1002 comm: gen_fast, count: 304
CPU [0] UID 1002 comm: gen_fast, count: 305
CPU [0] UID 1002 comm: gen_fast, count: 306
CPU [0] UID 1002 comm: gen_fast, count: 307
CPU [0] UID 1002 comm: gen_fast, count: 308
CPU [0] UID 1002 comm: gen_fast, count: 309
CPU [0] UID 1002 comm: gen_fast, count: 310
CPU [0] UID 1002 comm: gen_fast, count: 311
CPU [0] UID 1002 comm: gen_fast, count: 312
CPU [0] UID 1002 comm: gen_fast, count: 313
CPU [0] UID 1002 comm: gen_fast, count: 314
CPU [0] UID 1002 comm: gen_fast, count: 315
CPU [0] UID 1002 comm: gen_fast, count: 316
CPU [0] UID 1002 comm: gen_fast, count: 317
CPU [0] UID 1002 comm: gen_fast, count: 318
CPU [0] UID 1002 comm: gen_fast, count: 319
CPU [0] UID 1002 comm: gen_fast, count: 320
CPU [0] UID 1002 comm: gen_fast, count: 321
CPU [0] UID 1002 comm: gen_fast, count: 322
CPU [0] UID 1002 comm: gen_fast, count: 323
CPU [0] UID 1002 comm: gen_fast, count: 324
CPU [0] UID 1002 comm: gen_fast, count: 325
CPU [0] UID 1002 comm: gen_fast, count: 326
CPU [0] UID 1002 comm: gen_fast, count: 327
CPU [0] UID 1002 comm: gen_fast, count: 328
CPU [0] UID 1002 comm: gen_fast, count: 329
CPU [0] UID 1002 comm: gen_fast, count: 330
CPU [0] UID 1002 comm: gen_fast, count: 331
CPU [0] UID 1002 comm: gen_fast, count: 332
CPU [0] UID 1002 comm: gen_fast, count: 333
CPU [0] UID 1002 comm: gen_fast, count: 334
CPU [0] UID 1002 comm: gen_fast, count: 335
CPU [0] UID 1002 comm: gen_fast, count: 336
CPU [0] UID 1002 comm: gen_fast, count: 337
CPU [0] UID 1002 comm: gen_fast, count: 338
CPU [0] UID 1002 comm: gen_fast, count: 339
CPU [0] UID 1002 comm: gen_fast, count: 340
CPU [0] UID 1002 comm: gen_fast, count: 341
CPU [0] UID 1002 comm: gen_fast, count: 342
CPU [0] UID 1002 comm: gen_fast, count: 343
CPU [0] UID 1002 comm: gen_fast, count: 344
CPU [0] UID 1002 comm: gen_fast, count: 345
CPU [0] UID 1002 comm: gen_fast, count: 346
CPU [0] UID 1002 comm: gen_fast, count: 347
CPU [0] UID 1002 comm: gen_fast, count: 348
CPU [0] UID 1002 comm: gen_fast, count: 349
CPU [0] UID 1002 comm: gen_fast, count: 350
CPU [0] UID 1002 comm: gen_fast, count: 351
CPU [0] UID 1002 comm: gen_fast, count: 352
CPU [0] UID 1002 comm: gen_fast, count: 353
CPU [0] UID 1002 comm: gen_fast, count: 354
CPU [0] UID 1002 comm: gen_fast, count: 355
CPU [0] UID 1002 comm: gen_fast, count: 356
CPU [0] UID 1002 comm: gen_fast, count: 357
CPU [0] UID 1002 comm: gen_fast, count: 358
CPU [0] UID 1002 comm: gen_fast, count: 359
CPU [0] UID 1002 comm: gen_fast, count: 360
CPU [0] UID 1002 comm: gen_fast, count: 361
CPU [0] UID 1002 comm: gen_fast, count: 362
CPU [0] UID 1002 comm: gen_fast, count: 363
CPU [0] UID 1002 comm: gen_fast, count: 364
CPU [0] UID 1002 comm: gen_fast, count: 365
CPU [0] UID 1002 comm: gen_fast, count: 366
CPU [0] UID 1002 comm: gen_fast, count: 367
CPU [0] UID 1002 comm: gen_fast, count: 368
CPU [0] UID 1002 comm: gen_fast, count: 369
CPU [0] UID 1002 comm: gen_fast, count: 370
CPU [0] UID 1002 comm: gen_fast, count: 371
CPU [0] UID 1002 comm: gen_fast, count: 372
CPU [0] UID 1002 comm: gen_fast, count: 373
CPU [0] UID 1002 comm: gen_fast, count: 374
CPU [0] UID 1002 comm: gen_fast, count: 375
CPU [0] UID 1002 comm: gen_fast, count: 376
CPU [0] UID 1002 comm: gen_fast, count: 377
CPU [0] UID 1002 comm: gen_fast, count: 378
CPU [0] UID 1002 comm: gen_fast, count: 379
CPU [0] UID 1002 comm: gen_fast, count: 380
CPU [0] UID 1002 comm: gen_fast, count: 381
CPU [0] UID 1002 comm: gen_fast, count: 382
CPU [0] UID 1002 comm: gen_fast, count: 383
CPU [0] UID 1002 comm: gen_fast, count: 384
CPU [0] UID 1002 comm: gen_fast, count: 385
CPU [0] UID 1002 comm: gen_fast, count: 386
CPU [0] UID 1002 comm: gen_fast, count: 387
CPU [0] UID 1002 comm: gen_fast, count: 388
CPU [0] UID 1002 comm: gen_fast, count: 389
CPU [0] UID 1002 comm: gen_fast, count: 390
CPU [0] UID 1002 comm: gen_fast, count: 391
CPU [0] UID 1002 comm: gen_fast, count: 392
CPU [0] UID 1002 comm: gen_fast, count: 393
CPU [0] UID 1002 comm: gen_fast, count: 394
CPU [0] UID 1002 comm: gen_fast, count: 395
CPU [0] UID 1002 comm: gen_fast, count: 396
CPU [0] UID 1002 comm: gen_fast, count: 397
CPU [0] UID 1002 comm: gen_fast, count: 398
CPU [0] UID 1002 comm: gen_fast, count: 399
CPU [0] UID 1002 comm: gen_fast, count: 400
CPU [0] UID 1002 comm: gen_fast, count: 401
CPU [0] UID 1002 comm: gen_fast, count: 402
CPU [0] UID 1002 comm: gen_fast, count: 403
CPU [0] UID 1002 comm: gen_fast, count: 404
CPU [0] UID 1002 comm: gen_fast, count: 405
CPU [0] UID 1002 comm: gen_fast, count: 406
CPU [0] UID 1002 comm: gen_fast, count: 407
CPU [0] UID 1002 comm: gen_fast, count: 408
CPU [0] UID 1002 comm: gen_fast, count: 409
CPU [0] UID 1002 comm: gen_fast, count: 410
CPU [0] UID 1002 comm: gen_fast, count: 411
CPU [0] UID 1002 comm: gen_fast, count: 412
CPU [0] UID 1002 comm: gen_fast, count: 413
CPU [0] UID 1002 comm: gen_fast, count: 414
CPU [0] UID 1002 comm: gen_fast, count: 415
CPU [0] UID 1002 comm: gen_fast, count: 416
CPU [0] UID 1002 comm: gen_fast, count: 417
CPU [0] UID 1002 comm: gen_fast, count: 418
CPU [0] UID 1002 comm: gen_fast, count: 419
CPU [0] UID 1002 comm: gen_fast, count: 420
CPU [0] UID 1002 comm: gen_fast, count: 421
CPU [0] UID 1002 comm: gen_fast, count: 422
CPU [0] UID 1002 comm: gen_fast, count: 423
CPU [0] UID 1002 comm: gen_fast, count: 424
CPU [0] UID 1002 comm: gen_fast, count: 425
CPU [0] UID 1002 comm: gen_fast, count: 426
CPU [0] UID 1002 comm: gen_fast, count: 427
CPU [0] UID 1002 comm: gen_fast, count: 428
CPU [0] UID 1002 comm: gen_fast, count: 429
CPU [0] UID 1002 comm: gen_fast, count: 430
CPU [0] UID 1002 comm: gen_fast, count: 431
CPU [0] UID 1002 comm: gen_fast, count: 432
CPU [0] UID 1002 comm: gen_fast, count: 433
CPU [0] UID 1002 comm: gen_fast, count: 434
CPU [0] UID 1002 comm: gen_fast, count: 435
CPU [0] UID 1002 comm: gen_fast, count: 436
CPU [0] UID 1002 comm: gen_fast, count: 437
CPU [0] UID 1002 comm: gen_fast, count: 438
CPU [0] UID 1002 comm: gen_fast, count: 439
CPU [0] UID 1002 comm: gen_fast, count: 440
CPU [0] UID 1002 comm: gen_fast, count: 441
CPU [0] UID 1002 comm: gen_fast, count: 442
CPU [0] UID 1002 comm: gen_fast, count: 443
CPU [0] UID 1002 comm: gen_fast, count: 444
CPU [0] UID 1002 comm: gen_fast, count: 445
CPU [0] UID 1002 comm: gen_fast, count: 446
CPU [0] UID 1002 comm: gen_fast, count: 447
CPU [0] UID 1002 comm: gen_fast, count: 448
CPU [0] UID 1002 comm: gen_fast, count: 449
CPU [0] UID 1002 comm: gen_fast, count: 450
CPU [0] UID 1002 comm: gen_fast, count: 451
CPU [0] UID 1002 comm: gen_fast, count: 452
CPU [0] UID 1002 comm: gen_fast, count: 453
CPU [0] UID 1002 comm: gen_fast, count: 454
CPU [0] UID 1002 comm: gen_fast, count: 455
CPU [0] UID 1002 comm: gen_fast, count: 456
CPU [0] UID 1002 comm: gen_fast, count: 457
CPU [0] UID 1002 comm: gen_fast, count: 458
CPU [0] UID 1002 comm: gen_fast, count: 459
CPU [0] UID 1002 comm: gen_fast, count: 460
CPU [0] UID 1002 comm: gen_fast, count: 461
CPU [0] UID 1002 comm: gen_fast, count: 462
CPU [0] UID 1002 comm: gen_fast, count: 463
CPU [0] UID 1002 comm: gen_fast, count: 464
CPU [0] UID 1002 comm: gen_fast, count: 465
CPU [0] UID 1002 comm: gen_fast, count: 466
CPU [0] UID 1002 comm: gen_fast, count: 467
CPU [0] UID 1002 comm: gen_fast, count: 468
CPU [0] UID 1002 comm: gen_fast, count: 469
CPU [0] UID 1002 comm: gen_fast, count: 470
CPU [0] UID 1002 comm: gen_fast, count: 471
CPU [0] UID 1002 comm: gen_fast, count: 472
CPU [0] UID 1002 comm: gen_fast, count: 473
CPU [0] UID 1002 comm: gen_fast, count: 474
CPU [0] UID 1002 comm: gen_fast, count: 475
CPU [0] UID 1002 comm: gen_fast, count: 476
CPU [0] UID 1002 comm: gen_fast, count: 477
CPU [0] UID 1002 comm: gen_fast, count: 478
CPU [0] UID 1002 comm: gen_fast, count: 479
CPU [0] UID 1002 comm: gen_fast, count: 480
CPU [0] UID 1002 comm: gen_fast, count: 481
CPU [0] UID 1002 comm: gen_fast, count: 482
CPU [0] UID 1002 comm: gen_fast, count: 483
CPU [0] UID 1002 comm: gen_fast, count: 484
CPU [0] UID 1002 comm: gen_fast, count: 485
CPU [0] UID 1002 comm: gen_fast, count: 486
CPU [0] UID 1002 comm: gen_fast, count: 487
CPU [0] UID 1002 comm: gen_fast, count: 488
CPU [0] UID 1002 comm: gen_fast, count: 489
CPU [0] UID 1002 comm: gen_fast, count: 490
CPU [0] UID 1002 comm: gen_fast, count: 491
CPU [0] UID 1002 comm: gen_fast, count: 492
CPU [0] UID 1002 comm: gen_fast, count: 493
CPU [0] UID 1002 comm: gen_fast, count: 494
CPU [0] UID 1002 comm: gen_fast, count: 495
CPU [0] UID 1002 comm: gen_fast, count: 496
CPU [0] UID 1002 comm: gen_fast, count: 497
CPU [0] UID 1002 comm: gen_fast, count: 498
CPU [0] UID 1002 comm: gen_fast, count: 499
CPU [0] UID 1002 comm: gen_fast, count: 500
CPU [0] UID 1002 comm: gen_fast, count: 501
CPU [0] UID 1002 comm: gen_fast, count: 502
CPU [0] UID 1002 comm: gen_fast, count: 503
CPU [0] UID 1002 comm: gen_fast, count: 504
CPU [0] UID 1002 comm: gen_fast, count: 505
CPU [0] UID 1002 comm: gen_fast, count: 506
CPU [0] UID 1002 comm: gen_fast, count: 507
CPU [0] UID 1002 comm: gen_fast, count: 508
CPU [0] UID 1002 comm: gen_fast, count: 509
CPU [0] UID 1002 comm: gen_fast, count: 510
CPU [0] UID 1002 comm: gen_fast, count: 511
CPU [0] UID 1002 comm: gen_fast, count: 512
CPU [0] UID 1002 comm: gen_fast, count: 513
CPU [0] UID 1002 comm: gen_fast, count: 514
CPU [0] UID 1002 comm: gen_fast, count: 515
CPU [0] UID 1002 comm: gen_fast, count: 516
CPU [0] UID 1002 comm: gen_fast, count: 517
CPU [0] UID 1002 comm: gen_fast, count: 518
CPU [0] UID 1002 comm: gen_fast, count: 519
CPU [0] UID 1002 comm: gen_fast, count: 520
CPU [0] UID 1002 comm: gen_fast, count: 521
CPU [0] UID 1002 comm: gen_fast, count: 522
CPU [0] UID 1002 comm: gen_fast, count: 523
CPU [0] UID 1002 comm: gen_fast, count: 524
CPU [0] UID 1002 comm: gen_fast, count: 525
CPU [0] UID 1002 comm: gen_fast, count: 526
CPU [0] UID 1002 comm: gen_fast, count: 527
CPU [0] UID 1002 comm: gen_fast, count: 528
CPU [0] UID 1002 comm: gen_fast, count: 529
CPU [0] UID 1002 comm: gen_fast, count: 530
CPU [0] UID 1002 comm: gen_fast, count: 531
CPU [0] UID 1002 comm: gen_fast, count: 532
CPU [0] UID 1002 comm: gen_fast, count: 533
CPU [0] UID 1002 comm: gen_fast, count: 534
CPU [0] UID 1002 comm: gen_fast, count: 535
CPU [0] UID 1002 comm: gen_fast, count: 536
CPU [0] UID 1002 comm: gen_fast, count: 537
CPU [0] UID 1002 comm: gen_fast, count: 538
CPU [0] UID 1002 comm: gen_fast, count: 539
CPU [0] UID 1002 comm: gen_fast, count: 540
CPU [0] UID 1002 comm: gen_fast, count: 541
CPU [0] UID 1002 comm: gen_fast, count: 542
CPU [0] UID 1002 comm: gen_fast, count: 543
CPU [0] UID 1002 comm: gen_fast, count: 544
CPU [0] UID 1002 comm: gen_fast, count: 545
CPU [0] UID 1002 comm: gen_fast, count: 546
CPU [0] UID 1002 comm: gen_fast, count: 547
CPU [0] UID 1002 comm: gen_fast, count: 548
CPU [0] UID 1002 comm: gen_fast, count: 549
CPU [0] UID 1002 comm: gen_fast, count: 550
CPU [0] UID 1002 comm: gen_fast, count: 551
CPU [0] UID 1002 comm: gen_fast, count: 552
CPU [0] UID 1002 comm: gen_fast, count: 553
CPU [0] UID 1002 comm: gen_fast, count: 554
CPU [0] UID 1002 comm: gen_fast, count: 555
CPU [0] UID 1002 comm: gen_fast, count: 556
CPU [0] UID 1002 comm: gen_fast, count: 557
CPU [0] UID 1002 comm: gen_fast, count: 558
CPU [0] UID 1002 comm: gen_fast, count: 559
CPU [0] UID 1002 comm: gen_fast, count: 560
CPU [0] UID 1002 comm: gen_fast, count: 561
CPU [0] UID 1002 comm: gen_fast, count: 562
CPU [0] UID 1002 comm: gen_fast, count: 563
CPU [0] UID 1002 comm: gen_fast, count: 564
CPU [0] UID 1002 comm: gen_fast, count: 565
CPU [0] UID 1002 comm: gen_fast, count: 566
CPU [0] UID 1002 comm: gen_fast, count: 567
CPU [0] UID 1002 comm: gen_fast, count: 568
CPU [0] UID 1002 comm: gen_fast, count: 569
CPU [0] UID 1002 comm: gen_fast, count: 570
CPU [0] UID 1002 comm: gen_fast, count: 571
CPU [0] UID 1002 comm: gen_fast, count: 572
CPU [0] UID 1002 comm: gen_fast, count: 573
CPU [0] UID 1002 comm: gen_fast, count: 574
CPU [0] UID 1002 comm: gen_fast, count: 575
CPU [0] UID 1002 comm: gen_fast, count: 576
CPU [0] UID 1002 comm: gen_fast, count: 577
CPU [0] UID 1002 comm: gen_fast, count: 578
CPU [0] UID 1002 comm: gen_fast, count: 579
CPU [0] UID 1002 comm: gen_fast, count: 580
CPU [0] UID 1002 comm: gen_fast, count: 581
CPU [0] UID 1002 comm: gen_fast, count: 582
CPU [0] UID 1002 comm: gen_fast, count: 583
CPU [0] UID 1002 comm: gen_fast, count: 584
CPU [0] UID 1002 comm: gen_fast, count: 585
CPU [0] UID 1002 comm: gen_fast, count: 586
CPU [0] UID 1002 comm: gen_fast, count: 587
CPU [0] UID 1002 comm: gen_fast, count: 588
CPU [0] UID 1002 comm: gen_fast, count: 589
CPU [0] UID 1002 comm: gen_fast, count: 590
CPU [0] UID 1002 comm: gen_fast, count: 591
CPU [0] UID 1002 comm: gen_fast, count: 592
CPU [0] UID 1002 comm: gen_fast, count: 593
CPU [0] UID 1002 comm: gen_fast, count: 594
CPU [0] UID 1002 comm: gen_fast, count: 595
CPU [0] UID 1002 comm: gen_fast, count: 596
CPU [0] UID 1002 comm: gen_fast, count: 597
CPU [0] UID 1002 comm: gen_fast, count: 598
CPU [0] UID 1002 comm: gen_fast, count: 599
CPU [0] UID 1002 comm: gen_fast, count: 600
CPU [0] UID 1002 comm: gen_fast, count: 601
CPU [0] UID 1002 comm: gen_fast, count: 602
CPU [0] UID 1002 comm: gen_fast, count: 603
CPU [0] UID 1002 comm: gen_fast, count: 604
CPU [0] UID 1002 comm: gen_fast, count: 605
CPU [0] UID 1002 comm: gen_fast, count: 606
CPU [0] UID 1002 comm: gen_fast, count: 607
CPU [0] UID 1002 comm: gen_fast, count: 608
CPU [0] UID 1002 comm: gen_fast, count: 609
CPU [0] UID 1002 comm: gen_fast, count: 610
CPU [0] UID 1002 comm: gen_fast, count: 611
CPU [0] UID 1002 comm: gen_fast, count: 612
CPU [0] UID 1002 comm: gen_fast, count: 613
CPU [0] UID 1002 comm: gen_fast, count: 614
CPU [0] UID 1002 comm: gen_fast, count: 615
CPU [0] UID 1002 comm: gen_fast, count: 616
CPU [0] UID 1002 comm: gen_fast, count: 617
CPU [0] UID 1002 comm: gen_fast, count: 618
CPU [0] UID 1002 comm: gen_fast, count: 619
CPU [0] UID 1002 comm: gen_fast, count: 620
CPU [0] UID 1002 comm: gen_fast, count: 621
CPU [0] UID 1002 comm: gen_fast, count: 622
CPU [0] UID 1002 comm: gen_fast, count: 623
CPU [0] UID 1002 comm: gen_fast, count: 624
CPU [0] UID 1002 comm: gen_fast, count: 625
CPU [0] UID 1002 comm: gen_fast, count: 626
CPU [0] UID 1002 comm: gen_fast, count: 627
CPU [0] UID 1002 comm: gen_fast, count: 628
CPU [0] UID 1002 comm: gen_fast, count: 629
CPU [0] UID 1002 comm: gen_fast, count: 630
CPU [0] UID 1002 comm: gen_fast, count: 631
CPU [0] UID 1002 comm: gen_fast, count: 632
CPU [0] UID 1002 comm: gen_fast, count: 633
CPU [0] UID 1002 comm: gen_fast, count: 634
CPU [0] UID 1002 comm: gen_fast, count: 635
CPU [0] UID 1002 comm: gen_fast, count: 636
CPU [0] UID 1002 comm: gen_fast, count: 637
CPU [0] UID 1002 comm: gen_fast, count: 638
CPU [0] UID 1002 comm: gen_fast, count: 639
CPU [0] UID 1002 comm: gen_fast, count: 640
CPU [0] UID 1002 comm: gen_fast, count: 641
CPU [0] UID 1002 comm: gen_fast, count: 642
CPU [0] UID 1002 comm: gen_fast, count: 643
CPU [0] UID 1002 comm: gen_fast, count: 644
CPU [0] UID 1002 comm: gen_fast, count: 645
CPU [0] UID 1002 comm: gen_fast, count: 646
CPU [0] UID 1002 comm: gen_fast, count: 647
CPU [0] UID 1002 comm: gen_fast, count: 648
CPU [0] UID 1002 comm: gen_fast, count: 649
CPU [0] UID 1002 comm: gen_fast, count: 650
CPU [0] UID 1002 comm: gen_fast, count: 651
CPU [0] UID 1002 comm: gen_fast, count: 652
CPU [0] UID 1002 comm: gen_fast, count: 653
CPU [0] UID 1002 comm: gen_fast, count: 654
CPU [0] UID 1002 comm: gen_fast, count: 655
CPU [0] UID 1002 comm: gen_fast, count: 656
CPU [0] UID 1002 comm: gen_fast, count: 657
CPU [0] UID 1002 comm: gen_fast, count: 658
CPU [0] UID 1002 comm: gen_fast, count: 659
CPU [0] UID 1002 comm: gen_fast, count: 660
CPU [0] UID 1002 comm: gen_fast, count: 661
CPU [0] UID 1002 comm: gen_fast, count: 662
CPU [0] UID 1002 comm: gen_fast, count: 663
CPU [0] UID 1002 comm: gen_fast, count: 664
CPU [0] UID 1002 comm: gen_fast, count: 665
CPU [0] UID 1002 comm: gen_fast, count: 666
CPU [0] UID 1002 comm: gen_fast, count: 667
CPU [0] UID 1002 comm: gen_fast, count: 668
CPU [0] UID 1002 comm: gen_fast, count: 669
CPU [0] UID 1002 comm: gen_fast, count: 670
CPU [0] UID 1002 comm: gen_fast, count: 671
CPU [0] UID 1002 comm: gen_fast, count: 672
CPU [0] UID 1002 comm: gen_fast, count: 673
CPU [0] UID 1002 comm: gen_fast, count: 674
CPU [0] UID 1002 comm: gen_fast, count: 675
CPU [0] UID 1002 comm: gen_fast, count: 676
CPU [0] UID 1002 comm: gen_fast, count: 677
CPU [0] UID 1002 comm: gen_fast, count: 678
CPU [0] UID 1002 comm: gen_fast, count: 679
CPU [0] UID 1002 comm: gen_fast, count: 680
CPU [0] UID 1002 comm: gen_fast, count: 681
CPU [0] UID 1002 comm: gen_fast, count: 682
CPU [0] UID 1002 comm: gen_fast, count: 683
CPU [0] UID 1002 comm: gen_fast, count: 684
CPU [0] UID 1002 comm: gen_fast, count: 685
CPU [0] UID 1002 comm: gen_fast, count: 686
CPU [0] UID 1002 comm: gen_fast, count: 687
CPU [0] UID 1002 comm: gen_fast, count: 688
CPU [0] UID 1002 comm: gen_fast, count: 689
CPU [0] UID 1002 comm: gen_fast, count: 690
CPU [0] UID 1002 comm: gen_fast, count: 691
CPU [0] UID 1002 comm: gen_fast, count: 692
CPU [0] UID 1002 comm: gen_fast, count: 693
CPU [0] UID 1002 comm: gen_fast, count: 694
CPU [0] UID 1002 comm: gen_fast, count: 695
CPU [0] UID 1002 comm: gen_fast, count: 696
CPU [0] UID 1002 comm: gen_fast, count: 697
CPU [0] UID 1002 comm: gen_fast, count: 698
CPU [0] UID 1002 comm: gen_fast, count: 699
CPU [0] UID 1002 comm: gen_fast, count: 700
CPU [0] UID 1002 comm: gen_fast, count: 701
CPU [0] UID 1002 comm: gen_fast, count: 702
CPU [0] UID 1002 comm: gen_fast, count: 703
CPU [0] UID 1002 comm: gen_fast, count: 704
CPU [0] UID 1002 comm: gen_fast, count: 705
CPU [0] UID 1002 comm: gen_fast, count: 706
CPU [0] UID 1002 comm: gen_fast, count: 707
CPU [0] UID 1002 comm: gen_fast, count: 708
CPU [0] UID 1002 comm: gen_fast, count: 709
CPU [0] UID 1002 comm: gen_fast, count: 710
CPU [0] UID 1002 comm: gen_fast, count: 711
CPU [0] UID 1002 comm: gen_fast, count: 712
CPU [0] UID 1002 comm: gen_fast, count: 713
CPU [0] UID 1002 comm: gen_fast, count: 714
CPU [0] UID 1002 comm: gen_fast, count: 715
CPU [0] UID 1002 comm: gen_fast, count: 716
CPU [0] UID 1002 comm: gen_fast, count: 717
CPU [0] UID 1002 comm: gen_fast, count: 718
CPU [0] UID 1002 comm: gen_fast, count: 719
CPU [0] UID 1002 comm: gen_fast, count: 720
CPU [0] UID 1002 comm: gen_fast, count: 721
CPU [0] UID 1002 comm: gen_fast, count: 722
CPU [0] UID 1002 comm: gen_fast, count: 723
CPU [0] UID 1002 comm: gen_fast, count: 724
CPU [0] UID 1002 comm: gen_fast, count: 725
CPU [0] UID 1002 comm: gen_fast, count: 726
CPU [0] UID 1002 comm: gen_fast, count: 727
CPU [0] UID 1002 comm: gen_fast, count: 728
CPU [0] UID 1002 comm: gen_fast, count: 729
CPU [0] UID 1002 comm: gen_fast, count: 730
CPU [0] UID 1002 comm: gen_fast, count: 731
CPU [0] UID 1002 comm: gen_fast, count: 732
CPU [0] UID 1002 comm: gen_fast, count: 733
CPU [0] UID 1002 comm: gen_fast, count: 734
CPU [0] UID 1002 comm: gen_fast, count: 735
CPU [0] UID 1002 comm: gen_fast, count: 736
CPU [0] UID 1002 comm: gen_fast, count: 737
CPU [0] UID 1002 comm: gen_fast, count: 738
CPU [0] UID 1002 comm: gen_fast, count: 739
CPU [0] UID 1002 comm: gen_fast, count: 740
CPU [0] UID 1002 comm: gen_fast, count: 741
CPU [0] UID 1002 comm: gen_fast, count: 742
CPU [0] UID 1002 comm: gen_fast, count: 743
CPU [0] UID 1002 comm: gen_fast, count: 744
CPU [0] UID 1002 comm: gen_fast, count: 745
CPU [0] UID 1002 comm: gen_fast, count: 746
CPU [0] UID 1002 comm: gen_fast, count: 747
CPU [0] UID 1002 comm: gen_fast, count: 748
CPU [0] UID 1002 comm: gen_fast, count: 749
CPU [0] UID 1002 comm: gen_fast, count: 750
CPU [0] UID 1002 comm: gen_fast, count: 751
CPU [0] UID 1002 comm: gen_fast, count: 752
CPU [0] UID 1002 comm: gen_fast, count: 753
CPU [0] UID 1002 comm: gen_fast, count: 754
CPU [0] UID 1002 comm: gen_fast, count: 755
CPU [0] UID 1002 comm: gen_fast, count: 756
CPU [0] UID 1002 comm: gen_fast, count: 757
CPU [0] UID 1002 comm: gen_fast, count: 758
CPU [0] UID 1002 comm: gen_fast, count: 759
CPU [0] UID 1002 comm: gen_fast, count: 760
CPU [0] UID 1002 comm: gen_fast, count: 761
CPU [0] UID 1002 comm: gen_fast, count: 762
CPU [0] UID 1002 comm: gen_fast, count: 763
CPU [0] UID 1002 comm: gen_fast, count: 764
CPU [0] UID 1002 comm: gen_fast, count: 765
CPU [0] UID 1002 comm: gen_fast, count: 766
CPU [0] UID 1002 comm: gen_fast, count: 767
CPU [0] UID 1002 comm: gen_fast, count: 768
CPU [0] UID 1002 comm: gen_fast, count: 769
CPU [0] UID 1002 comm: gen_fast, count: 770
CPU [0] UID 1002 comm: gen_fast, count: 771
CPU [0] UID 1002 comm: gen_fast, count: 772
CPU [0] UID 1002 comm: gen_fast, count: 773
CPU [0] UID 1002 comm: gen_fast, count: 774
CPU [0] UID 1002 comm: gen_fast, count: 775
CPU [0] UID 1002 comm: gen_fast, count: 776
CPU [0] UID 1002 comm: gen_fast, count: 777
CPU [0] UID 1002 comm: gen_fast, count: 778
CPU [0] UID 1002 comm: gen_fast, count: 779
CPU [0] UID 1002 comm: gen_fast, count: 780
CPU [0] UID 1002 comm: gen_fast, count: 781
CPU [0] UID 1002 comm: gen_fast, count: 782
CPU [0] UID 1002 comm: gen_fast, count: 783
CPU [0] UID 1002 comm: gen_fast, count: 784
CPU [0] UID 1002 comm: gen_fast, count: 785
CPU [0] UID 1002 comm: gen_fast, count: 786
CPU [0] UID 1002 comm: gen_fast, count: 787
CPU [0] UID 1002 comm: gen_fast, count: 788
CPU [0] UID 1002 comm: gen_fast, count: 789
CPU [0] UID 1002 comm: gen_fast, count: 790
CPU [0] UID 1002 comm: gen_fast, count: 791
CPU [0] UID 1002 comm: gen_fast, count: 792
CPU [0] UID 1002 comm: gen_fast, count: 793
CPU [0] UID 1002 comm: gen_fast, count: 794
CPU [0] UID 1002 comm: gen_fast, count: 795
CPU [0] UID 1002 comm: gen_fast, count: 796
CPU [0] UID 1002 comm: gen_fast, count: 797
CPU [0] UID 1002 comm: gen_fast, count: 798
CPU [0] UID 1002 comm: gen_fast, count: 799
CPU [0] UID 1002 comm: gen_fast, count: 800
CPU [0] UID 1002 comm: gen_fast, count: 801
CPU [0] UID 1002 comm: gen_fast, count: 802
CPU [0] UID 1002 comm: gen_fast, count: 803
CPU [0] UID 1002 comm: gen_fast, count: 804
CPU [0] UID 1002 comm: gen_fast, count: 805
CPU [0] UID 1002 comm: gen_fast, count: 806
CPU [0] UID 1002 comm: gen_fast, count: 807
CPU [0] UID 1002 comm: gen_fast, count: 808
CPU [0] UID 1002 comm: gen_fast, count: 809
CPU [0] UID 1002 comm: gen_fast, count: 810
CPU [0] UID 1002 comm: gen_fast, count: 811
CPU [0] UID 1002 comm: gen_fast, count: 812
CPU [0] UID 1002 comm: gen_fast, count: 813
CPU [0] UID 1002 comm: gen_fast, count: 814
CPU [0] UID 1002 comm: gen_fast, count: 815
CPU [0] UID 1002 comm: gen_fast, count: 816
CPU [0] UID 1002 comm: gen_fast, count: 817
CPU [0] UID 1002 comm: gen_fast, count: 818
CPU [0] UID 1002 comm: gen_fast, count: 819
CPU [0] UID 1002 comm: gen_fast, count: 820
CPU [0] UID 1002 comm: gen_fast, count: 821
CPU [0] UID 1002 comm: gen_fast, count: 822
CPU [0] UID 1002 comm: gen_fast, count: 823
CPU [0] UID 1002 comm: gen_fast, count: 824
CPU [0] UID 1002 comm: gen_fast, count: 825
CPU [0] UID 1002 comm: gen_fast, count: 826
CPU [0] UID 1002 comm: gen_fast, count: 827
CPU [0] UID 1002 comm: gen_fast, count: 828
CPU [0] UID 1002 comm: gen_fast, count: 829
CPU [0] UID 1002 comm: gen_fast, count: 830
CPU [0] UID 1002 comm: gen_fast, count: 831
CPU [0] UID 1002 comm: gen_fast, count: 832
CPU [0] UID 1002 comm: gen_fast, count: 833
CPU [0] UID 1002 comm: gen_fast, count: 834
CPU [0] UID 1002 comm: gen_fast, count: 835
CPU [0] UID 1002 comm: gen_fast, count: 836
CPU [0] UID 1002 comm: gen_fast, count: 837
CPU [0] UID 1002 comm: gen_fast, count: 838
CPU [0] UID 1002 comm: gen_fast, count: 839
CPU [0] UID 1002 comm: gen_fast, count: 840
CPU [0] UID 1002 comm: gen_fast, count: 841
CPU [0] UID 1002 comm: gen_fast, count: 842
CPU [0] UID 1002 comm: gen_fast, count: 843
CPU [0] UID 1002 comm: gen_fast, count: 844
CPU [0] UID 1002 comm: gen_fast, count: 845
CPU [0] UID 1002 comm: gen_fast, count: 846
CPU [0] UID 1002 comm: gen_fast, count: 847
CPU [0] UID 1002 comm: gen_fast, count: 848
CPU [0] UID 1002 comm: gen_fast, count: 849
CPU [0] UID 1002 comm: gen_fast, count: 850
CPU [0] UID 1002 comm: gen_fast, count: 851
CPU [0] UID 1002 comm: gen_fast, count: 852
CPU [0] UID 1002 comm: gen_fast, count: 853
CPU [0] UID 1002 comm: gen_fast, count: 854
CPU [0] UID 1002 comm: gen_fast, count: 855
CPU [0] UID 1002 comm: gen_fast, count: 856
CPU [0] UID 1002 comm: gen_fast, count: 857
CPU [0] UID 1002 comm: gen_fast, count: 858
CPU [0] UID 1002 comm: gen_fast, count: 859
CPU [0] UID 1002 comm: gen_fast, count: 860
CPU [0] UID 1002 comm: gen_fast, count: 861
CPU [0] UID 1002 comm: gen_fast, count: 862
CPU [0] UID 1002 comm: gen_fast, count: 863
CPU [0] UID 1002 comm: gen_fast, count: 864
CPU [0] UID 1002 comm: gen_fast, count: 865
CPU [0] UID 1002 comm: gen_fast, count: 866
CPU [0] UID 1002 comm: gen_fast, count: 867
CPU [0] UID 1002 comm: gen_fast, count: 868
CPU [0] UID 1002 comm: gen_fast, count: 869
CPU [0] UID 1002 comm: gen_fast, count: 870
CPU [0] UID 1002 comm: gen_fast, count: 871
CPU [0] UID 1002 comm: gen_fast, count: 872
CPU [0] UID 1002 comm: gen_fast, count: 873
CPU [0] UID 1002 comm: gen_fast, count: 874
CPU [0] UID 1002 comm: gen_fast, count: 875
CPU [0] UID 1002 comm: gen_fast, count: 876
CPU [0] UID 1002 comm: gen_fast, count: 877
CPU [0] UID 1002 comm: gen_fast, count: 878
CPU [0] UID 1002 comm: gen_fast, count: 879
CPU [0] UID 1002 comm: gen_fast, count: 880
CPU [0] UID 1002 comm: gen_fast, count: 881
CPU [0] UID 1002 comm: gen_fast, count: 882
CPU [0] UID 1002 comm: gen_fast, count: 883
CPU [0] UID 1002 comm: gen_fast, count: 884
CPU [0] UID 1002 comm: gen_fast, count: 885
CPU [0] UID 1002 comm: gen_fast, count: 886
CPU [0] UID 1002 comm: gen_fast, count: 887
CPU [0] UID 1002 comm: gen_fast, count: 888
CPU [0] UID 1002 comm: gen_fast, count: 889
CPU [0] UID 1002 comm: gen_fast, count: 890
CPU [0] UID 1002 comm: gen_fast, count: 891
CPU [0] UID 1002 comm: gen_fast, count: 892
CPU [0] UID 1002 comm: gen_fast, count: 893
CPU [0] UID 1002 comm: gen_fast, count: 894
CPU [0] UID 1002 comm: gen_fast, count: 895
CPU [0] UID 1002 comm: gen_fast, count: 896
CPU [0] UID 1002 comm: gen_fast, count: 897
CPU [0] UID 1002 comm: gen_fast, count: 898
CPU [0] UID 1002 comm: gen_fast, count: 899
CPU [0] UID 1002 comm: gen_fast, count: 900
CPU [0] UID 1002 comm: gen_fast, count: 901
CPU [0] UID 1002 comm: gen_fast, count: 902
CPU [0] UID 1002 comm: gen_fast, count: 903
CPU [0] UID 1002 comm: gen_fast, count: 904
CPU [0] UID 1002 comm: gen_fast, count: 905
CPU [0] UID 1002 comm: gen_fast, count: 906
CPU [0] UID 1002 comm: gen_fast, count: 907
CPU [0] UID 1002 comm: gen_fast, count: 908
CPU [0] UID 1002 comm: gen_fast, count: 909
CPU [0] UID 1002 comm: gen_fast, count: 910
CPU [0] UID 1002 comm: gen_fast, count: 911
CPU [0] UID 1002 comm: gen_fast, count: 912
CPU [0] UID 1002 comm: gen_fast, count: 913
CPU [0] UID 1002 comm: gen_fast, count: 914
CPU [0] UID 1002 comm: gen_fast, count: 915
CPU [0] UID 1002 comm: gen_fast, count: 916
CPU [0] UID 1002 comm: gen_fast, count: 917
CPU [0] UID 1002 comm: gen_fast, count: 918
CPU [0] UID 1002 comm: gen_fast, count: 919
CPU [0] UID 1002 comm: gen_fast, count: 920
CPU [0] UID 1002 comm: gen_fast, count: 921
CPU [0] UID 1002 comm: gen_fast, count: 922
CPU [0] UID 1002 comm: gen_fast, count: 923
CPU [0] UID 1002 comm: gen_fast, count: 924
CPU [0] UID 1002 comm: gen_fast, count: 925
CPU [0] UID 1002 comm: gen_fast, count: 926
CPU [0] UID 1002 comm: gen_fast, count: 927
CPU [0] UID 1002 comm: gen_fast, count: 928
CPU [0] UID 1002 comm: gen_fast, count: 929
CPU [0] UID 1002 comm: gen_fast, count: 930
CPU [0] UID 1002 comm: gen_fast, count: 931
CPU [0] UID 1002 comm: gen_fast, count: 932
CPU [0] UID 1002 comm: gen_fast, count: 933
CPU [0] UID 1002 comm: gen_fast, count: 934
CPU [0] UID 1002 comm: gen_fast, count: 935
CPU [0] UID 1002 comm: gen_fast, count: 936
CPU [0] UID 1002 comm: gen_fast, count: 937
CPU [0] UID 1002 comm: gen_fast, count: 938
CPU [0] UID 1002 comm: gen_fast, count: 939
CPU [0] UID 1002 comm: gen_fast, count: 940
CPU [0] UID 1002 comm: gen_fast, count: 941
CPU [0] UID 1002 comm: gen_fast, count: 942
CPU [0] UID 1002 comm: gen_fast, count: 943
CPU [0] UID 1002 comm: gen_fast, count: 944
CPU [0] UID 1002 comm: gen_fast, count: 945
CPU [0] UID 1002 comm: gen_fast, count: 946
CPU [0] UID 1002 comm: gen_fast, count: 947
CPU [0] UID 1002 comm: gen_fast, count: 948
CPU [0] UID 1002 comm: gen_fast, count: 949
CPU [0] UID 1002 comm: gen_fast, count: 950
CPU [0] UID 1002 comm: gen_fast, count: 951
CPU [0] UID 1002 comm: gen_fast, count: 952
CPU [0] UID 1002 comm: gen_fast, count: 953
CPU [0] UID 1002 comm: gen_fast, count: 954
CPU [0] UID 1002 comm: gen_fast, count: 955
CPU [0] UID 1002 comm: gen_fast, count: 956
CPU [0] UID 1002 comm: gen_fast, count: 957
CPU [0] UID 1002 comm: gen_fast, count: 958
CPU [0] UID 1002 comm: gen_fast, count: 959
CPU [0] UID 1002 comm: gen_fast, count: 960
CPU [0] UID 1002 comm: gen_fast, count: 961
CPU [0] UID 1002 comm: gen_fast, count: 962
CPU [0] UID 1002 comm: gen_fast, count: 963
CPU [0] UID 1002 comm: gen_fast, count: 964
CPU [0] UID 1002 comm: gen_fast, count: 965
CPU [0] UID 1002 comm: gen_fast, count: 966
CPU [0] UID 1002 comm: gen_fast, count: 967
CPU [0] UID 1002 comm: gen_fast, count: 968
CPU [0] UID 1002 comm: gen_fast, count: 969
CPU [0] UID 1002 comm: gen_fast, count: 970
CPU [0] UID 1002 comm: gen_fast, count: 971
CPU [0] UID 1002 comm: gen_fast, count: 972
CPU [0] UID 1002 comm: gen_fast, count: 973
CPU [0] UID 1002 comm: gen_fast, count: 974
CPU [0] UID 1002 comm: gen_fast, count: 975
CPU [0] UID 1002 comm: gen_fast, count: 976
CPU [0] UID 1002 comm: gen_fast, count: 977
CPU [0] UID 1002 comm: gen_fast, count: 978
CPU [0] UID 1002 comm: gen_fast, count: 979
CPU [0] UID 1002 comm: gen_fast, count: 980
CPU [0] UID 1002 comm: gen_fast, count: 981
CPU [0] UID 1002 comm: gen_fast, count: 982
CPU [0] UID 1002 comm: gen_fast, count: 983
CPU [0] UID 1002 comm: gen_fast, count: 984
CPU [0] UID 1002 comm: gen_fast, count: 985
CPU [0] UID 1002 comm: gen_fast, count: 986
CPU [0] UID 1002 comm: gen_fast, count: 987
CPU [0] UID 1002 comm: gen_fast, count: 988
CPU [0] UID 1002 comm: gen_fast, count: 989
CPU [0] UID 1002 comm: gen_fast, count: 990
CPU [0] UID 1002 comm: gen_fast, count: 991
CPU [0] UID 1002 comm: gen_fast, count: 992
CPU [0] UID 1002 comm: gen_fast, count: 993
CPU [0] UID 1002 comm: gen_fast, count: 994
CPU [0] UID 1002 comm: gen_fast, count: 995
CPU [0] UID 1002 comm: gen_fast, count: 996
CPU [0] UID 1002 comm: gen_fast, count: 997
CPU [0] UID 1002 comm: gen_fast, count: 998
CPU [0] UID 1002 comm: gen_fast, count: 999
CPU [0] UID 1002 comm: gen_fast, count: 1000
CPU [0] UID 1002 comm: gen_fast, count: 1001
CPU [0] UID 1002 comm: gen_fast, count: 1002
CPU [0] UID 1002 comm: gen_fast, count: 1003
CPU [0] UID 1002 comm: gen_fast, count: 1004
CPU [0] UID 1002 comm: gen_fast, count: 1005
CPU [0] UID 1002 comm: gen_fast, count: 1006
CPU [0] UID 1002 comm: gen_fast, count: 1007
CPU [0] UID 1002 comm: gen_fast, count: 1008
CPU [0] UID 1002 comm: gen_fast, count: 1009
CPU [0] UID 1002 comm: gen_fast, count: 1010
CPU [0] UID 1002 comm: gen_fast, count: 1011
CPU [0] UID 1002 comm: gen_fast, count: 1012
CPU [0] UID 1002 comm: gen_fast, count: 1013
CPU [0] UID 1002 comm: gen_fast, count: 1014
CPU [0] UID 1002 comm: gen_fast, count: 1015
CPU [0] UID 1002 comm: gen_fast, count: 1016
CPU [0] UID 1002 comm: gen_fast, count: 1017
CPU [0] UID 1002 comm: gen_fast, count: 1018
CPU [0] UID 1002 comm: gen_fast, count: 1019
CPU [0] UID 1002 comm: gen_fast, count: 1020
CPU [0] UID 1002 comm: gen_fast, count: 1021
CPU [0] UID 1002 comm: gen_fast, count: 1022
CPU [0] UID 1002 comm: gen_fast, count: 1023
CPU [0] UID 1002 comm: gen_fast, count: 1024
CPU [0] UID 1002 comm: gen_fast, count: 1025
CPU [0] UID 1002 comm: gen_fast, count: 1026
CPU [0] UID 1002 comm: gen_fast, count: 1027
CPU [0] UID 1002 comm: gen_fast, count: 1028
CPU [0] UID 1002 comm: gen_fast, count: 1029
CPU [0] UID 1002 comm: gen_fast, count: 1030
CPU [0] UID 1002 comm: gen_fast, count: 1031
CPU [0] UID 1002 comm: gen_fast, count: 1032
CPU [0] UID 1002 comm: gen_fast, count: 1033
CPU [0] UID 1002 comm: gen_fast, count: 1034
CPU [0] UID 1002 comm: gen_fast, count: 1035
CPU [0] UID 1002 comm: gen_fast, count: 1036
CPU [0] UID 1002 comm: gen_fast, count: 1037
CPU [0] UID 1002 comm: gen_fast, count: 1038
CPU [0] UID 1002 comm: gen_fast, count: 1039
CPU [0] UID 1002 comm: gen_fast, count: 1040
CPU [0] UID 1002 comm: gen_fast, count: 1041
CPU [0] UID 1002 comm: gen_fast, count: 1042
CPU [0] UID 1002 comm: gen_fast, count: 1043
CPU [0] UID 1002 comm: gen_fast, count: 1044
CPU [0] UID 1002 comm: gen_fast, count: 1045
CPU [0] UID 1002 comm: gen_fast, count: 1046
CPU [0] UID 1002 comm: gen_fast, count: 1047
CPU [0] UID 1002 comm: gen_fast, count: 1048
CPU [0] UID 1002 comm: gen_fast, count: 1049
CPU [0] UID 1002 comm: gen_fast, count: 1050
CPU [0] UID 1002 comm: gen_fast, count: 1051
CPU [0] UID 1002 comm: gen_fast, count: 1052
CPU [0] UID 1002 comm: gen_fast, count: 1053
CPU [0] UID 1002 comm: gen_fast, count: 1054
CPU [0] UID 1002 comm: gen_fast, count: 1055
CPU [0] UID 1002 comm: gen_fast, count: 1056
CPU [0] UID 1002 comm: gen_fast, count: 1057
CPU [0] UID 1002 comm: gen_fast, count: 1058
CPU [0] UID 1002 comm: gen_fast, count: 1059
CPU [0] UID 1002 comm: gen_fast, count: 1060
CPU [0] UID 1002 comm: gen_fast, count: 1061
CPU [0] UID 1002 comm: gen_fast, count: 1062
CPU [0] UID 1002 comm: gen_fast, count: 1063
CPU [0] UID 1002 comm: gen_fast, count: 1064
CPU [0] UID 1002 comm: gen_fast, count: 1065
CPU [0] UID 1002 comm: gen_fast, count: 1066
CPU [0] UID 1002 comm: gen_fast, count: 1067
CPU [0] UID 1002 comm: gen_fast, count: 1068
CPU [0] UID 1002 comm: gen_fast, count: 1069
CPU [0] UID 1002 comm: gen_fast, count: 1070
CPU [0] UID 1002 comm: gen_fast, count: 1071
CPU [0] UID 1002 comm: gen_fast, count: 1072
CPU [0] UID 1002 comm: gen_fast, count: 1073
CPU [0] UID 1002 comm: gen_fast, count: 1074
CPU [0] UID 1002 comm: gen_fast, count: 1075
CPU [0] UID 1002 comm: gen_fast, count: 1076
CPU [0] UID 1002 comm: gen_fast, count: 1077
CPU [0] UID 1002 comm: gen_fast, count: 1078
CPU [0] UID 1002 comm: gen_fast, count: 1079
CPU [0] UID 1002 comm: gen_fast, count: 1080
CPU [0] UID 1002 comm: gen_fast, count: 1081
CPU [0] UID 1002 comm: gen_fast, count: 1082
CPU [0] UID 1002 comm: gen_fast, count: 1083
CPU [0] UID 1002 comm: gen_fast, count: 1084
CPU [0] UID 1002 comm: gen_fast, count: 1085
CPU [0] UID 1002 comm: gen_fast, count: 1086
CPU [0] UID 1002 comm: gen_fast, count: 1087
CPU [0] UID 1002 comm: gen_fast, count: 1088
CPU [0] UID 1002 comm: gen_fast, count: 1089
CPU [0] UID 1002 comm: gen_fast, count: 1090
CPU [0] UID 1002 comm: gen_fast, count: 1091
CPU [0] UID 1002 comm: gen_fast, count: 1092
CPU [0] UID 1002 comm: gen_fast, count: 1093
CPU [0] UID 1002 comm: gen_fast, count: 1094
CPU [0] UID 1002 comm: gen_fast, count: 1095
CPU [0] UID 1002 comm: gen_fast, count: 1096
CPU [0] UID 1002 comm: gen_fast, count: 1097
CPU [0] UID 1002 comm: gen_fast, count: 1098
CPU [0] UID 1002 comm: gen_fast, count: 1099
CPU [0] UID 1002 comm: gen_fast, count: 1100
CPU [0] UID 1002 comm: gen_fast, count: 1101
CPU [0] UID 1002 comm: gen_fast, count: 1102
CPU [0] UID 1002 comm: gen_fast, count: 1103
CPU [0] UID 1002 comm: gen_fast, count: 1104
CPU [0] UID 1002 comm: gen_fast, count: 1105
CPU [0] UID 1002 comm: gen_fast, count: 1106
CPU [0] UID 1002 comm: gen_fast, count: 1107
CPU [0] UID 1002 comm: gen_fast, count: 1108
CPU [0] UID 1002 comm: gen_fast, count: 1109
CPU [0] UID 1002 comm: gen_fast, count: 1110
CPU [0] UID 1002 comm: gen_fast, count: 1111
CPU [0] UID 1002 comm: gen_fast, count: 1112
CPU [0] UID 1002 comm: gen_fast, count: 1113
CPU [0] UID 1002 comm: gen_fast, count: 1114
CPU [0] UID 1002 comm: gen_fast, count: 1115
CPU [0] UID 1002 comm: gen_fast, count: 1116
CPU [0] UID 1002 comm: gen_fast, count: 1117
CPU [0] UID 1002 comm: gen_fast, count: 1118
CPU [0] UID 1002 comm: gen_fast, count: 1119
CPU [0] UID 1002 comm: gen_fast, count: 1120
CPU [0] UID 1002 comm: gen_fast, count: 1121
CPU [0] UID 1002 comm: gen_fast, count: 1122
CPU [0] UID 1002 comm: gen_fast, count: 1123
CPU [0] UID 1002 comm: gen_fast, count: 1124
CPU [0] UID 1002 comm: gen_fast, count: 1125
CPU [0] UID 1002 comm: gen_fast, count: 1126
CPU [0] UID 1002 comm: gen_fast, count: 1127
CPU [0] UID 1002 comm: gen_fast, count: 1128
CPU [0] UID 1002 comm: gen_fast, count: 1129
CPU [0] UID 1002 comm: gen_fast, count: 1130
CPU [0] UID 1002 comm: gen_fast, count: 1131
CPU [0] UID 1002 comm: gen_fast, count: 1132
CPU [0] UID 1002 comm: gen_fast, count: 1133
CPU [0] UID 1002 comm: gen_fast, count: 1134
CPU [0] UID 1002 comm: gen_fast, count: 1135
CPU [0] UID 1002 comm: gen_fast, count: 1136
CPU [0] UID 1002 comm: gen_fast, count: 1137
CPU [0] UID 1002 comm: gen_fast, count: 1138
CPU [0] UID 1002 comm: gen_fast, count: 1139
CPU [0] UID 1002 comm: gen_fast, count: 1140
CPU [0] UID 1002 comm: gen_fast, count: 1141
CPU [0] UID 1002 comm: gen_fast, count: 1142
CPU [0] UID 1002 comm: gen_fast, count: 1143
CPU [0] UID 1002 comm: gen_fast, count: 1144
CPU [0] UID 1002 comm: gen_fast, count: 1145
CPU [0] UID 1002 comm: gen_fast, count: 1146
CPU [0] UID 1002 comm: gen_fast, count: 1147
CPU [0] UID 1002 comm: gen_fast, count: 1148
CPU [0] UID 1002 comm: gen_fast, count: 1149
CPU [0] UID 1002 comm: gen_fast, count: 1150
CPU [0] UID 1002 comm: gen_fast, count: 1151
CPU [0] UID 1002 comm: gen_fast, count: 1152
CPU [0] UID 1002 comm: gen_fast, count: 1153
CPU [0] UID 1002 comm: gen_fast, count: 1154
CPU [0] UID 1002 comm: gen_fast, count: 1155
CPU [0] UID 1002 comm: gen_fast, count: 1156
CPU [0] UID 1002 comm: gen_fast, count: 1157
CPU [0] UID 1002 comm: gen_fast, count: 1158
CPU [0] UID 1002 comm: gen_fast, count: 1159
CPU [0] UID 1002 comm: gen_fast, count: 1160
CPU [0] UID 1002 comm: gen_fast, count: 1161
CPU [0] UID 1002 comm: gen_fast, count: 1162
CPU [0] UID 1002 comm: gen_fast, count: 1163
CPU [0] UID 1002 comm: gen_fast, count: 1164
CPU [0] UID 1002 comm: gen_fast, count: 1165
CPU [0] UID 1002 comm: gen_fast, count: 1166
CPU [0] UID 1002 comm: gen_fast, count: 1167
CPU [0] UID 1002 comm: gen_fast, count: 1168
CPU [0] UID 1002 comm: gen_fast, count: 1169
CPU [0] UID 1002 comm: gen_fast, count: 1170
CPU [0] UID 1002 comm: gen_fast, count: 1171
CPU [0] UID 1002 comm: gen_fast, count: 1172
CPU [0] UID 1002 comm: gen_fast, count: 1173
CPU [0] UID 1002 comm: gen_fast, count: 1174
CPU [0] UID 1002 comm: gen_fast, count: 1175
CPU [0] UID 1002 comm: gen_fast, count: 1176
CPU [0] UID 1002 comm: gen_fast, count: 1177
CPU [0] UID 1002 comm: gen_fast, count: 1178
CPU [0] UID 1002 comm: gen_fast, count: 1179
CPU [0] UID 1002 comm: gen_fast, count: 1180
CPU [0] UID 1002 comm: gen_fast, count: 1181
CPU [0] UID 1002 comm: gen_fast, count: 1182
CPU [0] UID 1002 comm: gen_fast, count: 1183
CPU [0] UID 1002 comm: gen_fast, count: 1184
CPU [0] UID 1002 comm: gen_fast, count: 1185
CPU [0] UID 1002 comm: gen_fast, count: 1186
CPU [0] UID 1002 comm: gen_fast, count: 1187
CPU [0] UID 1002 comm: gen_fast, count: 1188
CPU [0] UID 1002 comm: gen_fast, count: 1189
CPU [0] UID 1002 comm: gen_fast, count: 1190
CPU [0] UID 1002 comm: gen_fast, count: 1191
CPU [0] UID 1002 comm: gen_fast, count: 1192
CPU [0] UID 1002 comm: gen_fast, count: 1193
CPU [0] UID 1002 comm: gen_fast, count: 1194
CPU [0] UID 1002 comm: gen_fast, count: 1195
CPU [0] UID 1002 comm: gen_fast, count: 1196
CPU [0] UID 1002 comm: gen_fast, count: 1197
CPU [0] UID 1002 comm: gen_fast, count: 1198
CPU [0] UID 1002 comm: gen_fast, count: 1199
CPU [0] UID 1002 comm: gen_fast, count: 1200
CPU [0] UID 1002 comm: gen_fast, count: 1201
CPU [0] UID 1002 comm: gen_fast, count: 1202
CPU [0] UID 1002 comm: gen_fast, count: 1203
CPU [0] UID 1002 comm: gen_fast, count: 1204
CPU [0] UID 1002 comm: gen_fast, count: 1205
CPU [0] UID 1002 comm: gen_fast, count: 1206
CPU [0] UID 1002 comm: gen_fast, count: 1207
CPU [0] UID 1002 comm: gen_fast, count: 1208
CPU [0] UID 1002 comm: gen_fast, count: 1209
CPU [0] UID 1002 comm: gen_fast, count: 1210
CPU [0] UID 1002 comm: gen_fast, count: 1211
CPU [0] UID 1002 comm: gen_fast, count: 1212
CPU [0] UID 1002 comm: gen_fast, count: 1213
CPU [0] UID 1002 comm: gen_fast, count: 1214
CPU [0] UID 1002 comm: gen_fast, count: 1215
CPU [0] UID 1002 comm: gen_fast, count: 1216
CPU [0] UID 1002 comm: gen_fast, count: 1217
CPU [0] UID 1002 comm: gen_fast, count: 1218
CPU [0] UID 1002 comm: gen_fast, count: 1219
CPU [0] UID 1002 comm: gen_fast, count: 1220
CPU [0] UID 1002 comm: gen_fast, count: 1221
CPU [0] UID 1002 comm: gen_fast, count: 1222
CPU [0] UID 1002 comm: gen_fast, count: 1223
CPU [0] UID 1002 comm: gen_fast, count: 1224
CPU [0] UID 1002 comm: gen_fast, count: 1225
CPU [0] UID 1002 comm: gen_fast, count: 1226
CPU [0] UID 1002 comm: gen_fast, count: 1227
CPU [0] UID 1002 comm: gen_fast, count: 1228
CPU [0] UID 1002 comm: gen_fast, count: 1229
CPU [0] UID 1002 comm: gen_fast, count: 1230
CPU [0] UID 1002 comm: gen_fast, count: 1231
CPU [0] UID 1002 comm: gen_fast, count: 1232
CPU [0] UID 1002 comm: gen_fast, count: 1233
CPU [0] UID 1002 comm: gen_fast, count: 1234
CPU [0] UID 1002 comm: gen_fast, count: 1235
CPU [0] UID 1002 comm: gen_fast, count: 1236
CPU [0] UID 1002 comm: gen_fast, count: 1237
CPU [0] UID 1002 comm: gen_fast, count: 1238
CPU [0] UID 1002 comm: gen_fast, count: 1239
CPU [0] UID 1002 comm: gen_fast, count: 1240
CPU [0] UID 1002 comm: gen_fast, count: 1241
CPU [0] UID 1002 comm: gen_fast, count: 1242
CPU [0] UID 1002 comm: gen_fast, count: 1243
CPU [0] UID 1002 comm: gen_fast, count: 1244
CPU [0] UID 1002 comm: gen_fast, count: 1245
CPU [0] UID 1002 comm: gen_fast, count: 1246
CPU [0] UID 1002 comm: gen_fast, count: 1247
CPU [0] UID 1002 comm: gen_fast, count: 1248
CPU [0] UID 1002 comm: gen_fast, count: 1249
CPU [0] UID 1002 comm: gen_fast, count: 1250
CPU [0] UID 1002 comm: gen_fast, count: 1251
CPU [0] UID 1002 comm: gen_fast, count: 1252
CPU [0] UID 1002 comm: gen_fast, count: 1253
CPU [0] UID 1002 comm: gen_fast, count: 1254
CPU [0] UID 1002 comm: gen_fast, count: 1255
CPU [0] UID 1002 comm: gen_fast, count: 1256
CPU [0] UID 1002 comm: gen_fast, count: 1257
CPU [0] UID 1002 comm: gen_fast, count: 1258
CPU [0] UID 1002 comm: gen_fast, count: 1259
CPU [0] UID 1002 comm: gen_fast, count: 1260
CPU [0] UID 1002 comm: gen_fast, count: 1261
CPU [0] UID 1002 comm: gen_fast, count: 1262
CPU [0] UID 1002 comm: gen_fast, count: 1263
CPU [0] UID 1002 comm: gen_fast, count: 1264
CPU [0] UID 1002 comm: gen_fast, count: 1265
CPU [0] UID 1002 comm: gen_fast, count: 1266
CPU [0] UID 1002 comm: gen_fast, count: 1267
CPU [0] UID 1002 comm: gen_fast, count: 1268
CPU [0] UID 1002 comm: gen_fast, count: 1269
CPU [0] UID 1002 comm: gen_fast, count: 1270
CPU [0] UID 1002 comm: gen_fast, count: 1271
CPU [0] UID 1002 comm: gen_fast, count: 1272
CPU [0] UID 1002 comm: gen_fast, count: 1273
CPU [0] UID 1002 comm: gen_fast, count: 1274
CPU [0] UID 1002 comm: gen_fast, count: 1275
CPU [0] UID 1002 comm: gen_fast, count: 1276
CPU [0] UID 1002 comm: gen_fast, count: 1277
CPU [0] UID 1002 comm: gen_fast, count: 1278
CPU [0] UID 1002 comm: gen_fast, count: 1279
CPU [0] UID 1002 comm: gen_fast, count: 1280
CPU [0] UID 1002 comm: gen_fast, count: 1281
CPU [0] UID 1002 comm: gen_fast, count: 1282
CPU [0] UID 1002 comm: gen_fast, count: 1283
CPU [0] UID 1002 comm: gen_fast, count: 1284
CPU [0] UID 1002 comm: gen_fast, count: 1285
CPU [0] UID 1002 comm: gen_fast, count: 1286
CPU [0] UID 1002 comm: gen_fast, count: 1287
CPU [0] UID 1002 comm: gen_fast, count: 1288
CPU [0] UID 1002 comm: gen_fast, count: 1289
CPU [0] UID 1002 comm: gen_fast, count: 1290
CPU [0] UID 1002 comm: gen_fast, count: 1291
CPU [0] UID 1002 comm: gen_fast, count: 1292
CPU [0] UID 1002 comm: gen_fast, count: 1293
CPU [0] UID 1002 comm: gen_fast, count: 1294
CPU [0] UID 1002 comm: gen_fast, count: 1295
CPU [0] UID 1002 comm: gen_fast, count: 1296
CPU [0] UID 1002 comm: gen_fast, count: 1297
CPU [0] UID 1002 comm: gen_fast, count: 1298
CPU [0] UID 1002 comm: gen_fast, count: 1299
CPU [0] UID 1002 comm: gen_fast, count: 1300
CPU [0] UID 1002 comm: gen_fast, count: 1301
CPU [0] UID 1002 comm: gen_fast, count: 1302
CPU [0] UID 1002 comm: gen_fast, count: 1303
CPU [0] UID 1002 comm: gen_fast, count: 1304
CPU [0] UID 1002 comm: gen_fast, count: 1305
CPU [0] UID 1002 comm: gen_fast, count: 1306
CPU [0] UID 1002 comm: gen_fast, count: 1307
CPU [0] UID 1002 comm: gen_fast, count: 1308
CPU [0] UID 1002 comm: gen_fast, count: 1309
CPU [0] UID 1002 comm: gen_fast, count: 1310
CPU [0] UID 1002 comm: gen_fast, count: 1311
CPU [0] UID 1002 comm: gen_fast, count: 1312
CPU [0] UID 1002 comm: gen_fast, count: 1313
CPU [0] UID 1002 comm: gen_fast, count: 1314
CPU [0] UID 1002 comm: gen_fast, count: 1315
CPU [0] UID 1002 comm: gen_fast, count: 1316
CPU [0] UID 1002 comm: gen_fast, count: 1317
CPU [0] UID 1002 comm: gen_fast, count: 1318
CPU [0] UID 1002 comm: gen_fast, count: 1319
CPU [0] UID 1002 comm: gen_fast, count: 1320
CPU [0] UID 1002 comm: gen_fast, count: 1321
CPU [0] UID 1002 comm: gen_fast, count: 1322
CPU [0] UID 1002 comm: gen_fast, count: 1323
CPU [0] UID 1002 comm: gen_fast, count: 1324
CPU [0] UID 1002 comm: gen_fast, count: 1325
CPU [0] UID 1002 comm: gen_fast, count: 1326
CPU [0] UID 1002 comm: gen_fast, count: 1327
CPU [0] UID 1002 comm: gen_fast, count: 1328
CPU [0] UID 1002 comm: gen_fast, count: 1329
CPU [0] UID 1002 comm: gen_fast, count: 1330
CPU [0] UID 1002 comm: gen_fast, count: 1331
CPU [0] UID 1002 comm: gen_fast, count: 1332
CPU [0] UID 1002 comm: gen_fast, count: 1333
CPU [0] UID 1002 comm: gen_fast, count: 1334
CPU [0] UID 1002 comm: gen_fast, count: 1335
CPU [0] UID 1002 comm: gen_fast, count: 1336
CPU [0] UID 1002 comm: gen_fast, count: 1337
CPU [0] UID 1002 comm: gen_fast, count: 1338
CPU [0] UID 1002 comm: gen_fast, count: 1339
CPU [0] UID 1002 comm: gen_fast, count: 1340
CPU [0] UID 1002 comm: gen_fast, count: 1341
CPU [0] UID 1002 comm: gen_fast, count: 1342
CPU [0] UID 1002 comm: gen_fast, count: 1343
CPU [0] UID 1002 comm: gen_fast, count: 1344
CPU [0] UID 1002 comm: gen_fast, count: 1345
CPU [0] UID 1002 comm: gen_fast, count: 1346
CPU [0] UID 1002 comm: gen_fast, count: 1347
CPU [0] UID 1002 comm: gen_fast, count: 1348
CPU [0] UID 1002 comm: gen_fast, count: 1349
CPU [0] UID 1002 comm: gen_fast, count: 1350
CPU [0] UID 1002 comm: gen_fast, count: 1351
CPU [0] UID 1002 comm: gen_fast, count: 1352
CPU [0] UID 1002 comm: gen_fast, count: 1353
CPU [0] UID 1002 comm: gen_fast, count: 1354
CPU [0] UID 1002 comm: gen_fast, count: 1355
CPU [0] UID 1002 comm: gen_fast, count: 1356
CPU [0] UID 1002 comm: gen_fast, count: 1357
CPU [0] UID 1002 comm: gen_fast, count: 1358
CPU [0] UID 1002 comm: gen_fast, count: 1359
CPU [0] UID 1002 comm: gen_fast, count: 1360
CPU [0] UID 1002 comm: gen_fast, count: 1361
CPU [0] UID 1002 comm: gen_fast, count: 1362
CPU [0] UID 1002 comm: gen_fast, count: 1363
CPU [0] UID 1002 comm: gen_fast, count: 1364
CPU [0] UID 1002 comm: gen_fast, count: 1365
CPU [0] UID 1002 comm: gen_fast, count: 1366
CPU [0] UID 1002 comm: gen_fast, count: 1367
CPU [0] UID 1002 comm: gen_fast, count: 1368
CPU [0] UID 1002 comm: gen_fast, count: 1369
CPU [0] UID 1002 comm: gen_fast, count: 1370
CPU [0] UID 1002 comm: gen_fast, count: 1371
CPU [0] UID 1002 comm: gen_fast, count: 1372
CPU [0] UID 1002 comm: gen_fast, count: 1373
CPU [0] UID 1002 comm: gen_fast, count: 1374
CPU [0] UID 1002 comm: gen_fast, count: 1375
CPU [0] UID 1002 comm: gen_fast, count: 1376
CPU [0] UID 1002 comm: gen_fast, count: 1377
CPU [0] UID 1002 comm: gen_fast, count: 1378
CPU [0] UID 1002 comm: gen_fast, count: 1379
CPU [0] UID 1002 comm: gen_fast, count: 1380
CPU [0] UID 1002 comm: gen_fast, count: 1381
CPU [0] UID 1002 comm: gen_fast, count: 1382
CPU [0] UID 1002 comm: gen_fast, count: 1383
CPU [0] UID 1002 comm: gen_fast, count: 1384
CPU [0] UID 1002 comm: gen_fast, count: 1385
CPU [0] UID 1002 comm: gen_fast, count: 1386
CPU [0] UID 1002 comm: gen_fast, count: 1387
CPU [0] UID 1002 comm: gen_fast, count: 1388
CPU [0] UID 1002 comm: gen_fast, count: 1389
CPU [0] UID 1002 comm: gen_fast, count: 1390
CPU [0] UID 1002 comm: gen_fast, count: 1391
CPU [0] UID 1002 comm: gen_fast, count: 1392
CPU [0] UID 1002 comm: gen_fast, count: 1393
CPU [0] UID 1002 comm: gen_fast, count: 1394
CPU [0] UID 1002 comm: gen_fast, count: 1395
CPU [0] UID 1002 comm: gen_fast, count: 1396
CPU [0] UID 1002 comm: gen_fast, count: 1397
CPU [0] UID 1002 comm: gen_fast, count: 1398
CPU [0] UID 1002 comm: gen_fast, count: 1399
CPU [0] UID 1002 comm: gen_fast, count: 1400
CPU [0] UID 1002 comm: gen_fast, count: 1401
CPU [0] UID 1002 comm: gen_fast, count: 1402
CPU [0] UID 1002 comm: gen_fast, count: 1403
CPU [0] UID 1002 comm: gen_fast, count: 1404
CPU [0] UID 1002 comm: gen_fast, count: 1405
CPU [0] UID 1002 comm: gen_fast, count: 1406
CPU [0] UID 1002 comm: gen_fast, count: 1407
CPU [0] UID 1002 comm: gen_fast, count: 1408
CPU [0] UID 1002 comm: gen_fast, count: 1409
CPU [0] UID 1002 comm: gen_fast, count: 1410
CPU [0] UID 1002 comm: gen_fast, count: 1411
CPU [0] UID 1002 comm: gen_fast, count: 1412
CPU [0] UID 1002 comm: gen_fast, count: 1413
CPU [0] UID 1002 comm: gen_fast, count: 1414
CPU [0] UID 1002 comm: gen_fast, count: 1415
CPU [0] UID 1002 comm: gen_fast, count: 1416
CPU [0] UID 1002 comm: gen_fast, count: 1417
CPU [0] UID 1002 comm: gen_fast, count: 1418
CPU [0] UID 1002 comm: gen_fast, count: 1419
CPU [0] UID 1002 comm: gen_fast, count: 1420
CPU [0] UID 1002 comm: gen_fast, count: 1421
CPU [0] UID 1002 comm: gen_fast, count: 1422
CPU [0] UID 1002 comm: gen_fast, count: 1423
CPU [0] UID 1002 comm: gen_fast, count: 1424
CPU [0] UID 1002 comm: gen_fast, count: 1425
CPU [0] UID 1002 comm: gen_fast, count: 1426
CPU [0] UID 1002 comm: gen_fast, count: 1427
CPU [0] UID 1002 comm: gen_fast, count: 1428
CPU [0] UID 1002 comm: gen_fast, count: 1429
CPU [0] UID 1002 comm: gen_fast, count: 1430
CPU [0] UID 1002 comm: gen_fast, count: 1431
CPU [0] UID 1002 comm: gen_fast, count: 1432
CPU [0] UID 1002 comm: gen_fast, count: 1433
CPU [0] UID 1002 comm: gen_fast, count: 1434
CPU [0] UID 1002 comm: gen_fast, count: 1435
CPU [0] UID 1002 comm: gen_fast, count: 1436
CPU [0] UID 1002 comm: gen_fast, count: 1437
CPU [0] UID 1002 comm: gen_fast, count: 1438
CPU [0] UID 1002 comm: gen_fast, count: 1439
CPU [0] UID 1002 comm: gen_fast, count: 1440
CPU [0] UID 1002 comm: gen_fast, count: 1441
CPU [0] UID 1002 comm: gen_fast, count: 1442
CPU [0] UID 1002 comm: gen_fast, count: 1443
CPU [0] UID 1002 comm: gen_fast, count: 1444
CPU [0] UID 1002 comm: gen_fast, count: 1445
CPU [0] UID 1002 comm: gen_fast, count: 1446
CPU [0] UID 1002 comm: gen_fast, count: 1447
CPU [0] UID 1002 comm: gen_fast, count: 1448
CPU [0] UID 1002 comm: gen_fast, count: 1449
CPU [0] UID 1002 comm: gen_fast, count: 1450
CPU [0] UID 1002 comm: gen_fast, count: 1451
CPU [0] UID 1002 comm: gen_fast, count: 1452
CPU [0] UID 1002 comm: gen_fast, count: 1453
CPU [0] UID 1002 comm: gen_fast, count: 1454
CPU [0] UID 1002 comm: gen_fast, count: 1455
CPU [0] UID 1002 comm: gen_fast, count: 1456
CPU [0] UID 1002 comm: gen_fast, count: 1457
CPU [0] UID 1002 comm: gen_fast, count: 1458
CPU [0] UID 1002 comm: gen_fast, count: 1459
CPU [0] UID 1002 comm: gen_fast, count: 1460
CPU [0] UID 1002 comm: gen_fast, count: 1461
CPU [0] UID 1002 comm: gen_fast, count: 1462
CPU [0] UID 1002 comm: gen_fast, count: 1463
CPU [0] UID 1002 comm: gen_fast, count: 1464
CPU [0] UID 1002 comm: gen_fast, count: 1465
CPU [0] UID 1002 comm: gen_fast, count: 1466
CPU [0] UID 1002 comm: gen_fast, count: 1467
CPU [0] UID 1002 comm: gen_fast, count: 1468
CPU [0] UID 1002 comm: gen_fast, count: 1469
CPU [0] UID 1002 comm: gen_fast, count: 1470
CPU [0] UID 1002 comm: gen_fast, count: 1471
CPU [0] UID 1002 comm: gen_fast, count: 1472
CPU [0] UID 1002 comm: gen_fast, count: 1473
CPU [0] UID 1002 comm: gen_fast, count: 1474
CPU [0] UID 1002 comm: gen_fast, count: 1475
CPU [0] UID 1002 comm: gen_fast, count: 1476
CPU [0] UID 1002 comm: gen_fast, count: 1477
CPU [0] UID 1002 comm: gen_fast, count: 1478
CPU [0] UID 1002 comm: gen_fast, count: 1479
CPU [0] UID 1002 comm: gen_fast, count: 1480
CPU [0] UID 1002 comm: gen_fast, count: 1481
CPU [0] UID 1002 comm: gen_fast, count: 1482
CPU [0] UID 1002 comm: gen_fast, count: 1483
CPU [0] UID 1002 comm: gen_fast, count: 1484
CPU [0] UID 1002 comm: gen_fast, count: 1485
CPU [0] UID 1002 comm: gen_fast, count: 1486
CPU [0] UID 1002 comm: gen_fast, count: 1487
CPU [0] UID 1002 comm: gen_fast, count: 1488
CPU [0] UID 1002 comm: gen_fast, count: 1489
CPU [0] UID 1002 comm: gen_fast, count: 1490
CPU [0] UID 1002 comm: gen_fast, count: 1491
CPU [0] UID 1002 comm: gen_fast, count: 1492
CPU [0] UID 1002 comm: gen_fast, count: 1493
CPU [0] UID 1002 comm: gen_fast, count: 1494
CPU [0] UID 1002 comm: gen_fast, count: 1495
CPU [0] UID 1002 comm: gen_fast, count: 1496
CPU [0] UID 1002 comm: gen_fast, count: 1497
CPU [0] UID 1002 comm: gen_fast, count: 1498
CPU [0] UID 1002 comm: gen_fast, count: 1499
CPU [0] UID 1002 comm: gen_fast, count: 1500
CPU [0] UID 1002 comm: gen_fast, count: 1501
CPU [0] UID 1002 comm: gen_fast, count: 1502
CPU [0] UID 1002 comm: gen_fast, count: 1503
CPU [0] UID 1002 comm: gen_fast, count: 1504
CPU [0] UID 1002 comm: gen_fast, count: 1505
CPU [0] UID 1002 comm: gen_fast, count: 1506
CPU [0] UID 1002 comm: gen_fast, count: 1507
CPU [0] UID 1002 comm: gen_fast, count: 1508
CPU [0] UID 1002 comm: gen_fast, count: 1509
CPU [0] UID 1002 comm: gen_fast, count: 1510
CPU [0] UID 1002 comm: gen_fast, count: 1511
CPU [0] UID 1002 comm: gen_fast, count: 1512
CPU [0] UID 1002 comm: gen_fast, count: 1513
CPU [0] UID 1002 comm: gen_fast, count: 1514
CPU [0] UID 1002 comm: gen_fast, count: 1515
CPU [0] UID 1002 comm: gen_fast, count: 1516
CPU [0] UID 1002 comm: gen_fast, count: 1517
CPU [0] UID 1002 comm: gen_fast, count: 1518
CPU [0] UID 1002 comm: gen_fast, count: 1519
CPU [0] UID 1002 comm: gen_fast, count: 1520
CPU [0] UID 1002 comm: gen_fast, count: 1521
CPU [0] UID 1002 comm: gen_fast, count: 1522
CPU [0] UID 1002 comm: gen_fast, count: 1523
CPU [0] UID 1002 comm: gen_fast, count: 1524
CPU [0] UID 1002 comm: gen_fast, count: 1525
CPU [0] UID 1002 comm: gen_fast, count: 1526
CPU [0] UID 1002 comm: gen_fast, count: 1527
CPU [0] UID 1002 comm: gen_fast, count: 1528
CPU [0] UID 1002 comm: gen_fast, count: 1529
CPU [0] UID 1002 comm: gen_fast, count: 1530
CPU [0] UID 1002 comm: gen_fast, count: 1531
CPU [0] UID 1002 comm: gen_fast, count: 1532
CPU [0] UID 1002 comm: gen_fast, count: 1533
CPU [0] UID 1002 comm: gen_fast, count: 1534
CPU [0] UID 1002 comm: gen_fast, count: 1535
CPU [0] UID 1002 comm: gen_fast, count: 1536
CPU [0] UID 1002 comm: gen_fast, count: 1537
CPU [0] UID 1002 comm: gen_fast, count: 1538
CPU [0] UID 1002 comm: gen_fast, count: 1539
CPU [0] UID 1002 comm: gen_fast, count: 1540
CPU [0] UID 1002 comm: gen_fast, count: 1541
CPU [0] UID 1002 comm: gen_fast, count: 1542
CPU [0] UID 1002 comm: gen_fast, count: 1543
CPU [0] UID 1002 comm: gen_fast, count: 1544
CPU [0] UID 1002 comm: gen_fast, count: 1545
CPU [0] UID 1002 comm: gen_fast, count: 1546
CPU [0] UID 1002 comm: gen_fast, count: 1547
CPU [0] UID 1002 comm: gen_fast, count: 1548
CPU [0] UID 1002 comm: gen_fast, count: 1549
CPU [0] UID 1002 comm: gen_fast, count: 1550
CPU [0] UID 1002 comm: gen_fast, count: 1551
CPU [0] UID 1002 comm: gen_fast, count: 1552
CPU [0] UID 1002 comm: gen_fast, count: 1553
CPU [0] UID 1002 comm: gen_fast, count: 1554
CPU [0] UID 1002 comm: gen_fast, count: 1555
CPU [0] UID 1002 comm: gen_fast, count: 1556
CPU [0] UID 1002 comm: gen_fast, count: 1557
CPU [0] UID 1002 comm: gen_fast, count: 1558
CPU [0] UID 1002 comm: gen_fast, count: 1559
CPU [0] UID 1002 comm: gen_fast, count: 1560
CPU [0] UID 1002 comm: gen_fast, count: 1561
CPU [0] UID 1002 comm: gen_fast, count: 1562
CPU [0] UID 1002 comm: gen_fast, count: 1563
CPU [0] UID 1002 comm: gen_fast, count: 1564
CPU [0] UID 1002 comm: gen_fast, count: 1565
CPU [0] UID 1002 comm: gen_fast, count: 1566
CPU [0] UID 1002 comm: gen_fast, count: 1567
CPU [0] UID 1002 comm: gen_fast, count: 1568
CPU [0] UID 1002 comm: gen_fast, count: 1569
CPU [0] UID 1002 comm: gen_fast, count: 1570
CPU [0] UID 1002 comm: gen_fast, count: 1571
CPU [0] UID 1002 comm: gen_fast, count: 1572
CPU [0] UID 1002 comm: gen_fast, count: 1573
CPU [0] UID 1002 comm: gen_fast, count: 1574
CPU [0] UID 1002 comm: gen_fast, count: 1575
CPU [0] UID 1002 comm: gen_fast, count: 1576
CPU [0] UID 1002 comm: gen_fast, count: 1577
CPU [0] UID 1002 comm: gen_fast, count: 1578
CPU [0] UID 1002 comm: gen_fast, count: 1579
CPU [0] UID 1002 comm: gen_fast, count: 1580
CPU [0] UID 1002 comm: gen_fast, count: 1581
CPU [0] UID 1002 comm: gen_fast, count: 1582
CPU [0] UID 1002 comm: gen_fast, count: 1583
CPU [0] UID 1002 comm: gen_fast, count: 1584
CPU [0] UID 1002 comm: gen_fast, count: 1585
CPU [0] UID 1002 comm: gen_fast, count: 1586
CPU [0] UID 1002 comm: gen_fast, count: 1587
CPU [0] UID 1002 comm: gen_fast, count: 1588
CPU [0] UID 1002 comm: gen_fast, count: 1589
CPU [0] UID 1002 comm: gen_fast, count: 1590
CPU [0] UID 1002 comm: gen_fast, count: 1591
CPU [0] UID 1002 comm: gen_fast, count: 1592
CPU [0] UID 1002 comm: gen_fast, count: 1593
CPU [0] UID 1002 comm: gen_fast, count: 1594
CPU [0] UID 1002 comm: gen_fast, count: 1595
CPU [0] UID 1002 comm: gen_fast, count: 1596
CPU [0] UID 1002 comm: gen_fast, count: 1597
CPU [0] UID 1002 comm: gen_fast, count: 1598
CPU [0] UID 1002 comm: gen_fast, count: 1599
CPU [0] UID 1002 comm: gen_fast, count: 1600
CPU [0] UID 1002 comm: gen_fast, count: 1601
CPU [0] UID 1002 comm: gen_fast, count: 1602
CPU [0] UID 1002 comm: gen_fast, count: 1603
CPU [0] UID 1002 comm: gen_fast, count: 1604
CPU [0] UID 1002 comm: gen_fast, count: 1605
CPU [0] UID 1002 comm: gen_fast, count: 1606
CPU [0] UID 1002 comm: gen_fast, count: 1607
CPU [0] UID 1002 comm: gen_fast, count: 1608
CPU [0] UID 1002 comm: gen_fast, count: 1609
CPU [0] UID 1002 comm: gen_fast, count: 1610
CPU [0] UID 1002 comm: gen_fast, count: 1611
CPU [0] UID 1002 comm: gen_fast, count: 1612
CPU [0] UID 1002 comm: gen_fast, count: 1613
CPU [0] UID 1002 comm: gen_fast, count: 1614
CPU [0] UID 1002 comm: gen_fast, count: 1615
CPU [0] UID 1002 comm: gen_fast, count: 1616
CPU [0] UID 1002 comm: gen_fast, count: 1617
CPU [0] UID 1002 comm: gen_fast, count: 1618
CPU [0] UID 1002 comm: gen_fast, count: 1619
CPU [0] UID 1002 comm: gen_fast, count: 1620
CPU [0] UID 1002 comm: gen_fast, count: 1621
CPU [0] UID 1002 comm: gen_fast, count: 1622
CPU [0] UID 1002 comm: gen_fast, count: 1623
CPU [0] UID 1002 comm: gen_fast, count: 1624
CPU [0] UID 1002 comm: gen_fast, count: 1625
CPU [0] UID 1002 comm: gen_fast, count: 1626
CPU [0] UID 1002 comm: gen_fast, count: 1627
CPU [0] UID 1002 comm: gen_fast, count: 1628
CPU [0] UID 1002 comm: gen_fast, count: 1629
CPU [0] UID 1002 comm: gen_fast, count: 1630
CPU [0] UID 1002 comm: gen_fast, count: 1631
CPU [0] UID 1002 comm: gen_fast, count: 1632
CPU [0] UID 1002 comm: gen_fast, count: 1633
CPU [0] UID 1002 comm: gen_fast, count: 1634
CPU [0] UID 1002 comm: gen_fast, count: 1635
CPU [0] UID 1002 comm: gen_fast, count: 1636
CPU [0] UID 1002 comm: gen_fast, count: 1637
CPU [0] UID 1002 comm: gen_fast, count: 1638
CPU [0] UID 1002 comm: gen_fast, count: 1639
CPU [0] UID 1002 comm: gen_fast, count: 1640
CPU [0] UID 1002 comm: gen_fast, count: 1641
CPU [0] UID 1002 comm: gen_fast, count: 1642
CPU [0] UID 1002 comm: gen_fast, count: 1643
CPU [0] UID 1002 comm: gen_fast, count: 1644
CPU [0] UID 1002 comm: gen_fast, count: 1645
CPU [0] UID 1002 comm: gen_fast, count: 1646
CPU [0] UID 1002 comm: gen_fast, count: 1647
CPU [0] UID 1002 comm: gen_fast, count: 1648
CPU [0] UID 1002 comm: gen_fast, count: 1649
CPU [0] UID 1002 comm: gen_fast, count: 1650
CPU [0] UID 1002 comm: gen_fast, count: 1651
CPU [0] UID 1002 comm: gen_fast, count: 1652
CPU [0] UID 1002 comm: gen_fast, count: 1653
CPU [0] UID 1002 comm: gen_fast, count: 1654
CPU [0] UID 1002 comm: gen_fast, count: 1655
CPU [0] UID 1002 comm: gen_fast, count: 1656
CPU [0] UID 1002 comm: gen_fast, count: 1657
CPU [0] UID 1002 comm: gen_fast, count: 1658
CPU [0] UID 1002 comm: gen_fast, count: 1659
CPU [0] UID 1002 comm: gen_fast, count: 1660
CPU [0] UID 1002 comm: gen_fast, count: 1661
CPU [0] UID 1002 comm: gen_fast, count: 1662
CPU [0] UID 1002 comm: gen_fast, count: 1663
CPU [0] UID 1002 comm: gen_fast, count: 1664
CPU [0] UID 1002 comm: gen_fast, count: 1665
CPU [0] UID 1002 comm: gen_fast, count: 1666
CPU [0] UID 1002 comm: gen_fast, count: 1667
CPU [0] UID 1002 comm: gen_fast, count: 1668
CPU [0] UID 1002 comm: gen_fast, count: 1669
CPU [0] UID 1002 comm: gen_fast, count: 1670
CPU [0] UID 1002 comm: gen_fast, count: 1671
CPU [0] UID 1002 comm: gen_fast, count: 1672
CPU [0] UID 1002 comm: gen_fast, count: 1673
CPU [0] UID 1002 comm: gen_fast, count: 1674
CPU [0] UID 1002 comm: gen_fast, count: 1675
CPU [0] UID 1002 comm: gen_fast, count: 1676
CPU [0] UID 1002 comm: gen_fast, count: 1677
CPU [0] UID 1002 comm: gen_fast, count: 1678
CPU [0] UID 1002 comm: gen_fast, count: 1679
CPU [0] UID 1002 comm: gen_fast, count: 1680
CPU [0] UID 1002 comm: gen_fast, count: 1681
CPU [0] UID 1002 comm: gen_fast, count: 1682
CPU [0] UID 1002 comm: gen_fast, count: 1683
CPU [0] UID 1002 comm: gen_fast, count: 1684
CPU [0] UID 1002 comm: gen_fast, count: 1685
CPU [0] UID 1002 comm: gen_fast, count: 1686
CPU [0] UID 1002 comm: gen_fast, count: 1687
CPU [0] UID 1002 comm: gen_fast, count: 1688
CPU [0] UID 1002 comm: gen_fast, count: 1689
CPU [0] UID 1002 comm: gen_fast, count: 1690
CPU [0] UID 1002 comm: gen_fast, count: 1691
CPU [0] UID 1002 comm: gen_fast, count: 1692
CPU [0] UID 1002 comm: gen_fast, count: 1693
CPU [0] UID 1002 comm: gen_fast, count: 1694
CPU [0] UID 1002 comm: gen_fast, count: 1695
CPU [0] UID 1002 comm: gen_fast, count: 1696
CPU [0] UID 1002 comm: gen_fast, count: 1697
CPU [0] UID 1002 comm: gen_fast, count: 1698
CPU [0] UID 1002 comm: gen_fast, count: 1699
CPU [0] UID 1002 comm: gen_fast, count: 1700
CPU [0] UID 1002 comm: gen_fast, count: 1701
CPU [0] UID 1002 comm: gen_fast, count: 1702
CPU [0] UID 1002 comm: gen_fast, count: 1703
CPU [0] UID 1002 comm: gen_fast, count: 1704
CPU [0] UID 1002 comm: gen_fast, count: 1705
CPU [0] UID 1002 comm: gen_fast, count: 1706
CPU [0] UID 1002 comm: gen_fast, count: 1707
CPU [0] UID 1002 comm: gen_fast, count: 1708
CPU [0] UID 1002 comm: gen_fast, count: 1709
CPU [0] UID 1002 comm: gen_fast, count: 1710
CPU [0] UID 1002 comm: gen_fast, count: 1711
CPU [0] UID 1002 comm: gen_fast, count: 1712
CPU [0] UID 1002 comm: gen_fast, count: 1713
CPU [0] UID 1002 comm: gen_fast, count: 1714
CPU [0] UID 1002 comm: gen_fast, count: 1715
CPU [0] UID 1002 comm: gen_fast, count: 1716
CPU [0] UID 1002 comm: gen_fast, count: 1717
CPU [0] UID 1002 comm: gen_fast, count: 1718
CPU [0] UID 1002 comm: gen_fast, count: 1719
CPU [0] UID 1002 comm: gen_fast, count: 1720
CPU [0] UID 1002 comm: gen_fast, count: 1721
CPU [0] UID 1002 comm: gen_fast, count: 1722
CPU [0] UID 1002 comm: gen_fast, count: 1723
CPU [0] UID 1002 comm: gen_fast, count: 1724
CPU [0] UID 1002 comm: gen_fast, count: 1725
CPU [0] UID 1002 comm: gen_fast, count: 1726
CPU [0] UID 1002 comm: gen_fast, count: 1727
CPU [0] UID 1002 comm: gen_fast, count: 1728
CPU [0] UID 1002 comm: gen_fast, count: 1729
CPU [0] UID 1002 comm: gen_fast, count: 1730
CPU [0] UID 1002 comm: gen_fast, count: 1731
CPU [0] UID 1002 comm: gen_fast, count: 1732
CPU [0] UID 1002 comm: gen_fast, count: 1733
CPU [0] UID 1002 comm: gen_fast, count: 1734
CPU [0] UID 1002 comm: gen_fast, count: 1735
CPU [0] UID 1002 comm: gen_fast, count: 1736
CPU [0] UID 1002 comm: gen_fast, count: 1737
CPU [0] UID 1002 comm: gen_fast, count: 1738
CPU [0] UID 1002 comm: gen_fast, count: 1739
CPU [0] UID 1002 comm: gen_fast, count: 1740
CPU [0] UID 1002 comm: gen_fast, count: 1741
CPU [0] UID 1002 comm: gen_fast, count: 1742
CPU [0] UID 1002 comm: gen_fast, count: 1743
CPU [0] UID 1002 comm: gen_fast, count: 1744
CPU [0] UID 1002 comm: gen_fast, count: 1745
CPU [0] UID 1002 comm: gen_fast, count: 1746
CPU [0] UID 1002 comm: gen_fast, count: 1747
CPU [0] UID 1002 comm: gen_fast, count: 1748
CPU [0] UID 1002 comm: gen_fast, count: 1749
CPU [0] UID 1002 comm: gen_fast, count: 1750
CPU [0] UID 1002 comm: gen_fast, count: 1751
CPU [0] UID 1002 comm: gen_fast, count: 1752
CPU [0] UID 1002 comm: gen_fast, count: 1753
CPU [0] UID 1002 comm: gen_fast, count: 1754
CPU [0] UID 1002 comm: gen_fast, count: 1755
CPU [0] UID 1002 comm: gen_fast, count: 1756
CPU [0] UID 1002 comm: gen_fast, count: 1757
CPU [0] UID 1002 comm: gen_fast, count: 1758
CPU [0] UID 1002 comm: gen_fast, count: 1759
CPU [0] UID 1002 comm: gen_fast, count: 1760
CPU [0] UID 1002 comm: gen_fast, count: 1761
CPU [0] UID 1002 comm: gen_fast, count: 1762
CPU [0] UID 1002 comm: gen_fast, count: 1763
CPU [0] UID 1002 comm: gen_fast, count: 1764
CPU [0] UID 1002 comm: gen_fast, count: 1765
CPU [0] UID 1002 comm: gen_fast, count: 1766
CPU [0] UID 1002 comm: gen_fast, count: 1767
CPU [0] UID 1002 comm: gen_fast, count: 1768
CPU [0] UID 1002 comm: gen_fast, count: 1769
CPU [0] UID 1002 comm: gen_fast, count: 1770
CPU [0] UID 1002 comm: gen_fast, count: 1771
CPU [0] UID 1002 comm: gen_fast, count: 1772
CPU [0] UID 1002 comm: gen_fast, count: 1773
CPU [0] UID 1002 comm: gen_fast, count: 1774
CPU [0] UID 1002 comm: gen_fast, count: 1775
CPU [0] UID 1002 comm: gen_fast, count: 1776
CPU [0] UID 1002 comm: gen_fast, count: 1777
CPU [0] UID 1002 comm: gen_fast, count: 1778
CPU [0] UID 1002 comm: gen_fast, count: 1779
CPU [0] UID 1002 comm: gen_fast, count: 1780
CPU [0] UID 1002 comm: gen_fast, count: 1781
CPU [0] UID 1002 comm: gen_fast, count: 1782
CPU [0] UID 1002 comm: gen_fast, count: 1783
CPU [0] UID 1002 comm: gen_fast, count: 1784
CPU [0] UID 1002 comm: gen_fast, count: 1785
CPU [0] UID 1002 comm: gen_fast, count: 1786
CPU [0] UID 1002 comm: gen_fast, count: 1787
CPU [0] UID 1002 comm: gen_fast, count: 1788
CPU [0] UID 1002 comm: gen_fast, count: 1789
CPU [0] UID 1002 comm: gen_fast, count: 1790
CPU [0] UID 1002 comm: gen_fast, count: 1791
CPU [0] UID 1002 comm: gen_fast, count: 1792
CPU [0] UID 1002 comm: gen_fast, count: 1793
CPU [0] UID 1002 comm: gen_fast, count: 1794
CPU [0] UID 1002 comm: gen_fast, count: 1795
CPU [0] UID 1002 comm: gen_fast, count: 1796
CPU [0] UID 1002 comm: gen_fast, count: 1797
CPU [0] UID 1002 comm: gen_fast, count: 1798
CPU [0] UID 1002 comm: gen_fast, count: 1799
CPU [0] UID 1002 comm: gen_fast, count: 1800
CPU [0] UID 1002 comm: gen_fast, count: 1801
CPU [0] UID 1002 comm: gen_fast, count: 1802
CPU [0] UID 1002 comm: gen_fast, count: 1803
CPU [0] UID 1002 comm: gen_fast, count: 1804
CPU [0] UID 1002 comm: gen_fast, count: 1805
CPU [0] UID 1002 comm: gen_fast, count: 1806
CPU [0] UID 1002 comm: gen_fast, count: 1807
CPU [0] UID 1002 comm: gen_fast, count: 1808
CPU [0] UID 1002 comm: gen_fast, count: 1809
CPU [0] UID 1002 comm: gen_fast, count: 1810
CPU [0] UID 1002 comm: gen_fast, count: 1811
CPU [0] UID 1002 comm: gen_fast, count: 1812
CPU [0] UID 1002 comm: gen_fast, count: 1813
CPU [0] UID 1002 comm: gen_fast, count: 1814
CPU [0] UID 1002 comm: gen_fast, count: 1815
CPU [0] UID 1002 comm: gen_fast, count: 1816
CPU [0] UID 1002 comm: gen_fast, count: 1817
CPU [0] UID 1002 comm: gen_fast, count: 1818
CPU [0] UID 1002 comm: gen_fast, count: 1819
CPU [0] UID 1002 comm: gen_fast, count: 1820
CPU [0] UID 1002 comm: gen_fast, count: 1821
CPU [0] UID 1002 comm: gen_fast, count: 1822
CPU [0] UID 1002 comm: gen_fast, count: 1823
CPU [0] UID 1002 comm: gen_fast, count: 1824
CPU [0] UID 1002 comm: gen_fast, count: 1825
CPU [0] UID 1002 comm: gen_fast, count: 1826
CPU [0] UID 1002 comm: gen_fast, count: 1827
CPU [0] UID 1002 comm: gen_fast, count: 1828
CPU [0] UID 1002 comm: gen_fast, count: 1829
CPU [0] UID 1002 comm: gen_fast, count: 1830
CPU [0] UID 1002 comm: gen_fast, count: 1831
CPU [0] UID 1002 comm: gen_fast, count: 1832
CPU [0] UID 1002 comm: gen_fast, count: 1833
CPU [0] UID 1002 comm: gen_fast, count: 1834
CPU [0] UID 1002 comm: gen_fast, count: 1835
CPU [0] UID 1002 comm: gen_fast, count: 1836
CPU [0] UID 1002 comm: gen_fast, count: 1837
CPU [0] UID 1002 comm: gen_fast, count: 1838
CPU [0] UID 1002 comm: gen_fast, count: 1839
CPU [0] UID 1002 comm: gen_fast, count: 1840
CPU [0] UID 1002 comm: gen_fast, count: 1841
CPU [0] UID 1002 comm: gen_fast, count: 1842
CPU [0] UID 1002 comm: gen_fast, count: 1843
CPU [0] UID 1002 comm: gen_fast, count: 1844
CPU [0] UID 1002 comm: gen_fast, count: 1845
CPU [0] UID 1002 comm: gen_fast, count: 1846
CPU [0] UID 1002 comm: gen_fast, count: 1847
CPU [0] UID 1002 comm: gen_fast, count: 1848
CPU [0] UID 1002 comm: gen_fast, count: 1849
CPU [0] UID 1002 comm: gen_fast, count: 1850
CPU [0] UID 1002 comm: gen_fast, count: 1851
CPU [0] UID 1002 comm: gen_fast, count: 1852
CPU [0] UID 1002 comm: gen_fast, count: 1853
CPU [0] UID 1002 comm: gen_fast, count: 1854
CPU [0] UID 1002 comm: gen_fast, count: 1855
CPU [0] UID 1002 comm: gen_fast, count: 1856
CPU [0] UID 1002 comm: gen_fast, count: 1857
CPU [0] UID 1002 comm: gen_fast, count: 1858
CPU [0] UID 1002 comm: gen_fast, count: 1859
CPU [0] UID 1002 comm: gen_fast, count: 1860
CPU [0] UID 1002 comm: gen_fast, count: 1861
CPU [0] UID 1002 comm: gen_fast, count: 1862
CPU [0] UID 1002 comm: gen_fast, count: 1863
CPU [0] UID 1002 comm: gen_fast, count: 1864
CPU [0] UID 1002 comm: gen_fast, count: 1865
CPU [0] UID 1002 comm: gen_fast, count: 1866
CPU [0] UID 1002 comm: gen_fast, count: 1867
CPU [0] UID 1002 comm: gen_fast, count: 1868
CPU [0] UID 1002 comm: gen_fast, count: 1869
CPU [0] UID 1002 comm: gen_fast, count: 1870
CPU [0] UID 1002 comm: gen_fast, count: 1871
CPU [0] UID 1002 comm: gen_fast, count: 1872
CPU [0] UID 1002 comm: gen_fast, count: 1873
CPU [0] UID 1002 comm: gen_fast, count: 1874
CPU [0] UID 1002 comm: gen_fast, count: 1875
CPU [0] UID 1002 comm: gen_fast, count: 1876
CPU [0] UID 1002 comm: gen_fast, count: 1877
CPU [0] UID 1002 comm: gen_fast, count: 1878
CPU [0] UID 1002 comm: gen_fast, count: 1879
CPU [0] UID 1002 comm: gen_fast, count: 1880
CPU [0] UID 1002 comm: gen_fast, count: 1881
CPU [0] UID 1002 comm: gen_fast, count: 1882
CPU [0] UID 1002 comm: gen_fast, count: 1883
CPU [0] UID 1002 comm: gen_fast, count: 1884
CPU [0] UID 1002 comm: gen_fast, count: 1885
CPU [0] UID 1002 comm: gen_fast, count: 1886
CPU [0] UID 1002 comm: gen_fast, count: 1887
CPU [0] UID 1002 comm: gen_fast, count: 1888
CPU [0] UID 1002 comm: gen_fast, count: 1889
CPU [0] UID 1002 comm: gen_fast, count: 1890
CPU [0] UID 1002 comm: gen_fast, count: 1891
CPU [0] UID 1002 comm: gen_fast, count: 1892
CPU [0] UID 1002 comm: gen_fast, count: 1893
CPU [0] UID 1002 comm: gen_fast, count: 1894
CPU [0] UID 1002 comm: gen_fast, count: 1895
CPU [0] UID 1002 comm: gen_fast, count: 1896
CPU [0] UID 1002 comm: gen_fast, count: 1897
CPU [0] UID 1002 comm: gen_fast, count: 1898
CPU [0] UID 1002 comm: gen_fast, count: 1899
CPU [0] UID 1002 comm: gen_fast, count: 1900
CPU [0] UID 1002 comm: gen_fast, count: 1901
CPU [0] UID 1002 comm: gen_fast, count: 1902
CPU [0] UID 1002 comm: gen_fast, count: 1903
CPU [0] UID 1002 comm: gen_fast, count: 1904
CPU [0] UID 1002 comm: gen_fast, count: 1905
CPU [0] UID 1002 comm: gen_fast, count: 1906
CPU [0] UID 1002 comm: gen_fast, count: 1907
CPU [0] UID 1002 comm: gen_fast, count: 1908
CPU [0] UID 1002 comm: gen_fast, count: 1909
CPU [0] UID 1002 comm: gen_fast, count: 1910
CPU [0] UID 1002 comm: gen_fast, count: 1911
CPU [0] UID 1002 comm: gen_fast, count: 1912
CPU [0] UID 1002 comm: gen_fast, count: 1913
CPU [0] UID 1002 comm: gen_fast, count: 1914
CPU [0] UID 1002 comm: gen_fast, count: 1915
CPU [0] UID 1002 comm: gen_fast, count: 1916
CPU [0] UID 1002 comm: gen_fast, count: 1917
CPU [0] UID 1002 comm: gen_fast, count: 1918
CPU [0] UID 1002 comm: gen_fast, count: 1919
CPU [0] UID 1002 comm: gen_fast, count: 1920
CPU [0] UID 1002 comm: gen_fast, count: 1921
CPU [0] UID 1002 comm: gen_fast, count: 1922
CPU [0] UID 1002 comm: gen_fast, count: 1923
CPU [0] UID 1002 comm: gen_fast, count: 1924
CPU [0] UID 1002 comm: gen_fast, count: 1925
CPU [0] UID 1002 comm: gen_fast, count: 1926
CPU [0] UID 1002 comm: gen_fast, count: 1927
CPU [0] UID 1002 comm: gen_fast, count: 1928
CPU [0] UID 1002 comm: gen_fast, count: 1929
CPU [0] UID 1002 comm: gen_fast, count: 1930
CPU [0] UID 1002 comm: gen_fast, count: 1931
CPU [0] UID 1002 comm: gen_fast, count: 1932
CPU [0] UID 1002 comm: gen_fast, count: 1933
CPU [0] UID 1002 comm: gen_fast, count: 1934
CPU [0] UID 1002 comm: gen_fast, count: 1935
CPU [0] UID 1002 comm: gen_fast, count: 1936
CPU [0] UID 1002 comm: gen_fast, count: 1937
CPU [0] UID 1002 comm: gen_fast, count: 1938
CPU [0] UID 1002 comm: gen_fast, count: 1939
CPU [0] UID 1002 comm: gen_fast, count: 1940
CPU [0] UID 1002 comm: gen_fast, count: 1941
CPU [0] UID 1002 comm: gen_fast, count: 1942
CPU [0] UID 1002 comm: gen_fast, count: 1943
CPU [0] UID 1002 comm: gen_fast, count: 1944
CPU [0] UID 1002 comm: gen_fast, count: 1945
CPU [0] UID 1002 comm: gen_fast, count: 1946
CPU [0] UID 1002 comm: gen_fast, count: 1947
CPU [0] UID 1002 comm: gen_fast, count: 1948
CPU [0] UID 1002 comm: gen_fast, count: 1949
CPU [0] UID 1002 comm: gen_fast, count: 1950
CPU [0] UID 1002 comm: gen_fast, count: 1951
CPU [0] UID 1002 comm: gen_fast, count: 1952
CPU [0] UID 1002 comm: gen_fast, count: 1953
CPU [0] UID 1002 comm: gen_fast, count: 1954
CPU [0] UID 1002 comm: gen_fast, count: 1955
CPU [0] UID 1002 comm: gen_fast, count: 1956
CPU [0] UID 1002 comm: gen_fast, count: 1957
CPU [0] UID 1002 comm: gen_fast, count: 1958
CPU [0] UID 1002 comm: gen_fast, count: 1959
CPU [0] UID 1002 comm: gen_fast, count: 1960
CPU [0] UID 1002 comm: gen_fast, count: 1961
CPU [0] UID 1002 comm: gen_fast, count: 1962
CPU [0] UID 1002 comm: gen_fast, count: 1963
CPU [0] UID 1002 comm: gen_fast, count: 1964
CPU [0] UID 1002 comm: gen_fast, count: 1965
CPU [0] UID 1002 comm: gen_fast, count: 1966
CPU [0] UID 1002 comm: gen_fast, count: 1967
CPU [0] UID 1002 comm: gen_fast, count: 1968
CPU [0] UID 1002 comm: gen_fast, count: 1969
CPU [0] UID 1002 comm: gen_fast, count: 1970
CPU [0] UID 1002 comm: gen_fast, count: 1971
CPU [0] UID 1002 comm: gen_fast, count: 1972
CPU [0] UID 1002 comm: gen_fast, count: 1973
CPU [0] UID 1002 comm: gen_fast, count: 1974
CPU [0] UID 1002 comm: gen_fast, count: 1975
CPU [0] UID 1002 comm: gen_fast, count: 1976
CPU [0] UID 1002 comm: gen_fast, count: 1977
CPU [0] UID 1002 comm: gen_fast, count: 1978
CPU [0] UID 1002 comm: gen_fast, count: 1979
CPU [0] UID 1002 comm: gen_fast, count: 1980
CPU [0] UID 1002 comm: gen_fast, count: 1981
CPU [0] UID 1002 comm: gen_fast, count: 1982
CPU [0] UID 1002 comm: gen_fast, count: 1983
CPU [0] UID 1002 comm: gen_fast, count: 1984
CPU [0] UID 1002 comm: gen_fast, count: 1985
CPU [0] UID 1002 comm: gen_fast, count: 1986
CPU [0] UID 1002 comm: gen_fast, count: 1987
CPU [0] UID 1002 comm: gen_fast, count: 1988
CPU [0] UID 1002 comm: gen_fast, count: 1989
CPU [0] UID 1002 comm: gen_fast, count: 1990
CPU [0] UID 1002 comm: gen_fast, count: 1991
CPU [0] UID 1002 comm: gen_fast, count: 1992
CPU [0] UID 1002 comm: gen_fast, count: 1993
CPU [0] UID 1002 comm: gen_fast, count: 1994
CPU [0] UID 1002 comm: gen_fast, count: 1995
CPU [0] UID 1002 comm: gen_fast, count: 1996
CPU [0] UID 1002 comm: gen_fast, count: 1997
CPU [0] UID 1002 comm: gen_fast, count: 1998
CPU [0] UID 1002 comm: gen_fast, count: 1999
[TIMING] Poll loop CPU: 0.189s  wall: 4.450s
[TIMING] Total CPU: 0.738s  wall: 5.003s
[SUMMARY] Events in map: 2000
